*3G
UMTS,W-CDMA
*A. c. I.
Accusativus cum Inifitivo
*AT
Altes Testament,DUDEN
*Abl.
Ablativ
*Akt.
Aktiv
*BAWe
Bundesaufsichtsamt für Wertpapierhandel
*DDR
Deutsche Demokratische Republik,DUDEN
*Dat.
Dativ
*Dekl.
Deklination
*EDV
elektronische Datenverarbeitung,DUDEN
*Fut.
Futur
*GMV
Gesunder Menschen Verstand
*Gen.
Genitiv
*Gerundiv.
Gerundivum
*Geschl.
Geschlecht
*Ggs.
Gegensatz,DUDEN
*Ind.
Indikativ
*Inf.
Infinitiv
*Jhdt.
Jahrhundert,DUDEN
*KTM
Kernel Transaction Manager
*Konj.
Konjunktiv
*Konjug.
Konjugation
*Konstr.
Konstruktion
*MA
Mitarbeiter,DUDEN
*N. c. I.
Nominativus cum Infinitivo
*Nom.
Nominativ
*OOo
OpenOffice.org
*Part.
Partizip
*Part. coni.
Participium coniunctum
*Pass.
Passiv
*Perf.
Perfekt
*Pl.
Plural
*Präpos.
Präposition
*Präs.
Präsens
*RegTP
Regulierungsbehörde für Telekommunikation und Post
*Sg.
Singular
*Stformen
Stammformen
*Subst.
Substantiv
*Zssg.
Zusammensetzung,DUDEN
*Zssgn.
Zusammensetzungen,DUDEN
*a/v
Audio/Video
*aaa
Authentication, Authorization und Accounting
*aaas
american association for the advancement of science
*aac
Advanced Audio Coding,Video encoding similar to MPEG 4,Apple
*aacs
Advanced Access Content System
*abap
Absurdly Blotched Application Program :)
*abg
Automatische Biometriegestützte Grenzkontrolle
*abh.
abhängig
*abi
application binary interface,gcc
*abk.
Abkürzung,DUDEN
*abm
anything but microsoft
*abnf
Augmented Backus-Naur Form
*abs.
absolutus
*ac
Assessment-Center
Access Control
*ac4j
Active Components for J2EE
*ace
Adaptive Computer Environment
*acg
Advanced Computing Group,Apple,Xgrid
*acid
Atomicity Consistency Isolation Durability,Oracle
*acl
access control list
Allegro Common Lisp
*aclu
American Civil Liberties Union
*acm
Association for Computing Machinery 
*acml
AMD Core Math Library
*acns
Application and Content Networking Software,Cisco
*acp
adobe communications protocol,HDI
*acpi
Advanced Configuration and Power Interface
*ad
Alzheimer Disease
After death,Anno Domini (in the year of our Lord)
*ad/am
Active Directory/Application Mode,MS Server
*ada
American Disabilities Act
*adam
Active Directory Application Mode,MS
*adaptive
A Dynamically Assembled Protocol Transformation, Integration, and 
eValuation Environment,Douglas C. Schmidt,ACe
*addm
Automatic Database Diagnostic Monitor,Oracle
*adf
automatic document feeder,HDI
application development framework,Oracle
*adf/dp
automatic document feeder/document positioner,HDI
*adh
automatic document handler,HDI
*adj.
Adjektiv
*adm
Add-Drop Multiplexer
*ado
Advanced Optical Disc,Blauer Laser
*adop
automatic degree of parallelism,Oracle
*adp
adobe communication protocol,automatic document positioner,HDI
*ads
Automated Deployment Services,MS Server
Alternate Data Stream,Root-Kit
*adsl
asynchron digital subscriber line
*adsp
appletalk data stream protocol,HDI
*aes
advanced encription standard,Krypto-Algorithmus Rijndael
Attachment Execution Service,MS
*afaics
As Far As I Can Say
*afaik
as far as I know
*afii
association for font information interchange,HDI
*afm
American Federation of Musicians
*afp
Apple Filing Protocol
Agence France Press
*agp
Accelerated Graphics Port
*aids
Acquired Immune Deficiency Syndrome
*ais
automatic interpreter selection,HDI
Audicon Information Suite
*aist
National Institute of Advanced Industrial Science and Technology,Japan,
IBM liefert Opteron-Cluster,Grid
*ait
Advanced Intelligent Tape
*aits
action items tracking system - lotus notes,HDI
*aix
advanced interactive executive,IBM
*aj
Anti-Join,Oracle
*ajax
Asynchronous JavaScript and XML*rest
*ajp
Apache JServ Protocol
*aka
also known as
*alac
At large Advisory Committee,ICANN
*ald
Active Latency Detection
*alsa
Advanced Linux Sund Architecture
*am
application manager,HDI
*amanda
Advanced Maryland Automatic Network Disk Archiver
*amd
Advanced Micro Devices
*amer.
amerikanisch,DUDEN
*amh
Asynchronous Method Handling,CORBA,TAO
*ami
asynchronous messaging interface (IONA),CORBA
*ams
American Mathematical Society
Application Management Services,IBM
Alpha Magnet Spectrometer,ESA,Antimaterie
*amtp
Authenticated Mail Transfer Protocol,Extended SMTP
*ano
Advanced Networking Option,Oracle,User authorization,Data encription
*ansi
American National Standards Institute
*aod
Advanced Optical Disc,HD DVD
*aop
aspektorientierte Programmierung
*aos
Array of Structures,Intel
*ap
Access Point
*api
applications programmer interface,HDI
*apm
Advance Power Management
*apo
Advanced Planner and Optimizer,SAP
Arbeitsprozeßorganisation
Außerparlamentarische Opposition
*app
application,HDI
*apps
applications,HDI
*apr
Apache Portable Run-Time Library
*aps
Advanced-Planning and -Scheduling
*apt
Advanced Package Tool,debian
*aq
Advanced Queues,Oracle
Advanced Querying,Oracle
*aqh
auto queue handler,HDI
*ara
assured reproduction area,HDI
*arab.
arabisch,DUDEN
*arc
Archiver,Oracle
*aris
Architektur integrierter Informationssysteme
*arl
association of research libraries;http://www.arl.org
*arp
address resolution protocol
*arpa
advanced research projects agency
address routing parameter area
*arpu
average revenue per user
*art
adaptive runtime technology
*as
Asperger Autismus
Application Server,Oracle
Autonomous System,IOS
*asap
as soon as possible,HDI
*asci
American Strategic Computing Initiative
*ascii
american standard code for information interchange,HDI
*asd
Automatic Standby Database
*asf
Apache Software Foundation
Advanced Streaming Format,Microsoft
*ash
Active Session History,oracle
*asic
application specific integrated circuit,HDI
*asl
American Sign Language,Gebärdensprache
*aslr
Address Space Layout Randomization,Windows
*asm
assembler,HDI
automatic storage management,Oracle
*asmm
automatic shared memory management,oracle
*asn
adobe solution network
Abstract Syntax Notation,SSL
*asp
application service provider
active server page
*aspi
Advanced SCSI Programming Interface,HDI
*assm
automatic segment space management,Oracle,It is not aum.
*ast
Account Service Team,M-S
*astron.
Astronomie,DUDEN
*asx
Adaptive Service eXecutive,ACE
*at
Autonomous Transaction
*atca
Advanced Telecom Computing Architecture,Intel
*atm
asynchronous transfer mode
adobe type manager
at the momemnt
atmosphere
automated teller machine
*atp
apple talk transaction protocol,HDI
*aum
Automatic Undo Management,Oracle
*avi
Audio Visual Interleaved
*avk
Anti Viren Kit
Application Verification Kit,Java portability
*avs
adult verification check
Altersverifikationssysteme
*awr
Automatic Workload Repository
*awt
application window toolkit,HDI
*b.
bei
*b/w
black/white,HDI
*b2b
Business to Business
*b4s
Winamp xml playlist format
*ba
Berufsakademie
*bam
Bundesanstalt für Materialforschung
*bapco
Business Applications Performance Corporation,Performance Test
*bapi
Business API,SAP
*basic
Beginners All purpose Symbolic Instruction Code
*bbc
British Broadcasting Corporation
*bbn
Bolt,Beranek & Newmann.Entwickelten 1969 den IMP,arpa
Richard Bolt, Leo Beranek und Robert Newman 
*bbw
Buffer Busy Wait,Oracle
*bc
basic calculator
before Christ
*bc4j
Business Components for Java
*bd
Blue-ray Disc
*bdc
Backup Domain Controller
*bdf
Bitmap Distribution Format
*bec
Bose-Einstein-Kondensation,Fermionen-Kondensation,Bosonen
*beep
blocks extensible exchange protocol
*belwü
Baden-Württembergs Extended LAN
*bes
Blackberry Enterprise Solution
*bes.
besonders,DUDEN
*bfa
Bundesversicherungsanstalt für Angestellte
*bfo
Bug Fix Only,ACE
*bgp
Border Gateway Protocol,IOS,CISCO
*bi
Business Intelligence
*bidb
bi-directional image data bus,HDI
*bind
Berkeley Internet Name Domain
*biol.
biologisch,Biologie,DUDEN
*bios
Basic Input Output System,HDI
*bip
Bruttoinlandsprodukt
*bitkom
Bundesverband Informationswirtschaft, Telekommunikation und Medien
*bma
Bundesministerium für Arbeit und Sozialordnung
*bmbf
Bundesministerium für Bildung und Forschung
*bmg
Bertlesmann Music Group
*bmia
bit-mapped image annotation,HDI
*bmp
bitmap
basic multilingual plane, unicode (ucs-2)
Bean-Managed Persistence,Oracle
*bmr
Block Media Recovery
*bmwa
Bundesministerium für Wirtschaft und Arbeit
*bnf
backus-naur format,HDI
*bobo
Bohemian Bourgeoisie
*boinc
Berkeley Open Infrastructure for Network Computing
*bol
oracle business online
*bom
Byte Order Mark
*bor
Business Object Repository,SAP
*bore
Broken once Running Everywhere
*bos
Behörden und Organisationen mit Sicherheitsaufgaben,GSM-BOS
*bot.
botanisch,Botanik,DUDEN
*bp
Bytes processed,Oracle
*bpel4ws
Business Process Execution Language for Web Services,MS,BEA,IBM
*bpf
Band Pass Filter
*bpm
Business Process Management
Business Perfromance Management
*bqp
bi-directional queuing protocol,HDI
*bran
broadband radio access network
*bric
Brasilia,Russia,India,China
*bsa
Business Software Alliance,ein von MS dominierter Interssensverband
*bsc
Base Station Controller
*bsd
Berkley Software Distribution,NetBSD,FreeBSD,OpenBSD
*bsd.
besonders,DUDEN
*bsdg
Bundesdatenschutzgesetz
*bsf
Bean Scripting Framework,Redhat
*bsg
Business Solution Group,SAP
*bsh
Bundesamt für Seeschifffahrt und Hydrographie
*bsi
Bundesamt für Sicherheit in der Informationstechnik 
*bso
Bright Shiny Object
*bsp
Broadband Signal Processor
Backup Solution Program,Oracle
*bss
Base Station Subsystem
*bt
british telecom
*bund
Bund für Umwelt und Naturschutz Deutschland
*bv
betriebsvereinbarung,HDI
*bvb
Bundesverband Informations- und Kommunikations-Systeme
*bvit
Bundesverband Informationstechnologien (BVIT) 
*bw
Business Warehaus
*bwt
Burrows-Wheeler-Transformation (bzip2)
*bzw.
beziehungsweise,DUDEN
*c#
c-sharp,.NET
*c2g
consumer to government
*ca
computer associates
Certification Authority,SSL
*cal
Client Access License,MS
*camelot
adobe's reference system base upon a sparc platform,HDI
*carp
Cache Array Routing Protocol
*cas
corrective action system,HDI
content addressed storage,EMC,Documentum
*case
computer aided software engineering,HDI
*cats
City Alert Texting System,London,SMS-Warnung bei Terror-Anschlägen
*cbl
common business language (commerce one)
*cbo
cost based optimizer,Oracle
*cc
Common Criteria Security,http://www.commoncriteria.org/cc/cc.html
*ccTLDs
country code top level domains
*ccd
charge coupled device sensor,HDI,Digitale Photographie
*cch
common command handler,HDI
*ccir
Comité Consultatif International des Radiocommunications. Bestimmte UTC.
*ccitt
comité consultaif international télégraphique et téléphonique,HDI
*ccitt g4
a compression standard (group four),HDI
*cck
complementary code keying
*ccp
Customized Control Processor,IBM,SOC
*ccw
counter clock wise,HDI
*cdc
cult of the dead cow
change data capture,Oracle,OWB
*cdh
Current Document Handler,HDI
*cdma
Code Division Multiple Access 
*cdms
common database management system,HDI
*cdo
comp.databases.oracle
*cds
Cell Directory Service,Oracle
Class Data Sharing,JAVA 1.5
*cdsa
Common Data Security Architecture,Intel
*cdt
Compressed Domain Transcoder,DVD Kopierer
*ce
consumer electronics
common era
*cedet
Collection of Emacs Development Environment Tools
*celf
Consumer Electronics Linux Forum
*cen
Comité Européen de Normalisation
*cern
Conseil Europeenne pour la Recherche Nucleaire 
European Organization for Nuclear Research in Switzerland
*cert
Computer Emergency Response Team
*ces
customer equipment service,HDI
Consumer Electronic Show,Las Vegas
*cesd
customer equipment service division,HDI
*cest
Central European Summer Time
*cf
ColdFusion
*cfd
Computational Fluid Dynamics
*cfo
Chief Financial Officer
*cgey
Cap Gemini Ernst & Young
*cgf
Christopher Faylor,cygwin
*cgi
common gateway interface
*cgl
Carrier Grade Linux,SuSE Linux für Telecom-Carrier
*chap
Challenge-Handshake Authentication Protocols,Firewall
*chem.
chemisch,Chemie,DUDEN
*chm
Compiled HTML Format
*chs
Cylinder,Head,Sector
*chtml
compact html
*ci
Coded Information
*cia
Central Intelligence Agency
*cib
connection information block,HDI
*cic
customer information center,HDI
*cifs
common internet file specification,MS
*cim
Common Information Model
*cio
chief information officer
*cip4
Cooperation for the Integration of Processes in Prepress, 
Press and Postpress
*cipa
Camera and Imaging Products Association
*cis
Compact Image Sensor
*cisc
Complex Instruction Set Computer 
*ckpt
Checkpoint
*clb
Connection Load Balancing,Oracle
*cldc
connected limited device configuration
*cli
Common Language Infrastructure,.NET
Call Level Interface,SQL
Command Line Interface
*clob
character large object data,Oracle
*cls
Common Language Subset; .NET
Common Language Specification; .NET
*clvm
clustered logical volume manager
*cm
configuration management
computer modern fonts,TeX
connection management,Oracle
*cmdb
configuration management database,Systemmanagement,Tivoli
*cme
Core Managed Environment,MS,Phoenix,BIOS
*cmgw
Connection Manager Gate Way
*cmi
common manageability infrastructure,oracle
*cmm
Capability Maturity Model,HDI,Certifizierungs-Level
*cmos
Complementary Metal Oxide Semiconductor
*cmp
Container-Managed Persistence,EJB
*cms
content management system
*cmyk
cyan,magenta,yellow and black,HDI
*cname
canonical name,BIND
*cnl
compute node linux,cray
*cod
Capacitiy on Demand,HP and Sun
*code
Campaign for an Open Digital Environment
*coe
Common Operating Environment,US-Millitärs,Solaris,HP-UX,AIX,RH,Win NT
*coff
Common Object File Format
*com
common object model,HDI
*comm
communications,HDI
*comp.
comparationis
*coo
chief operationg officer
*copd
Chronic Obstructive Pulmonary Disease,Bronchitis
*cor
Complex Object Retrival
*corba
common object request broker architecture
*cos
Common Object Service,CORBA
*cp
copier-printer,HDI
*cpa
Collaboration Protocol Agreements,IBM,ebXML
*cpan
comprehensive perl archvie network
*cpfr
Collaborative Planning, Forecasting and Replenishment
*cpl
Common Public License
*cpm
copies per minute,HDI
*cpml
call policy markup language
*cpmux
copier printer multiplexercs,HDI
*cpp
c pre processor
Collaboration Protocol Profiles,IBM,ebXML
*cpsi
Configurable PostScript Interpreter,HDI
*cpu
central processing unit,HDI
critical patch update,Oracle
*cpxe
Common Picture Exchange Environment,I3A,benutzt UDDI and SOAP und andere
Standards
*crd
central reproduction departments,HDI
*crim.
criminis
*crisp
Cross Registry Information Service Protocol,Soll whois ablösen
*crm
customer relationship management
completing-read-multiple,ELISP,see crm.el
*crs
Cluster Ready Services
*crsd
Oracle Clusterware Daemon
*crt
Cathode Ray Tube,die gute alte Röhre
*crud
Create,Read,Update,Delete
*cs
centisecond
Communication Services,RIP
*csa
Communication Streaming Architecture,Intel
*csc
computer sciences corporation,Outsourcing Company
*cscn
Current SCN
*csd
Circuit Switched Data. See also Packet Switched Data
*csi
Customer Support Identifier,Metalink,Oracle
*csr
customer support representative,HDI
*css
cascading style sheets
Content Scrambling System (DeCSS)
Cluster Synchronization Services,Oracle
*csv
comma separated value
*ctan
comprehensive TeX archive network
*cti
computer telephony integration
*ctm
component transaction monitor
*cto
Chief Technology Officer
*ctp
cordless telephony profile
community technologie preview,MS
*cts
Common Type System,.NET
Compatibility Test Suite,Java
*ctss
Compatible Time-Sharing System,MIT,Floor 9
*ctx
Context for Oracle Text
*cursor
current set of record
*cv
curriculum vita
*cvm
cluster volume manager,VxVM for Cluster,Veritas
*cvs
Concurrent Version System
*cvss
Common Vulnerability Scoring System
*cw
clock wise,HDI
*cxml
commerce xml,beschreibt Kataloginhalte (ariba)
*d.
durch
*d. h.
das heißt
*d2
Mannesman Mobilfunk
*daap
Digital Audio Access Protocol,Apple,iTunee
*dac
digital audio copy
*dacs
digital access and crossconnect system
*dad
diagnostic & administrative device ,HDI
database access descriptor,OAS
*dae
digital audio extraction
*dafs
direct access file system
*dante
Deutschsprachige Anwendervereinigung TeX eV
*dap
directory access protocol
*darpa
Defense Advanced Research Projects Agency
*das
Direact Attached Storage
Delegated Administration Service,OAS
*dat
digital archive tape,HDI
*dba
Data Block Address,Oracle (dbms_utility)
*dbca
Database Configuration Assistant
*dbfmbrc
DB_FILE_MULTI_BLOCK_READ_COUNT,Oracle
*dbs
Demand-based Switching,Intel
*dbtz
database time zone
*dbua
Database Upgrade Assistant
*dbv
Database Verify Tool,Oracle
*dbw
Database Writer Process,Oracle
*dca
document composition application,HDI
*dcc
Desktop Control Center,Intel
*dcd
Dead Connection Detection,Oracle
*dcl
dicital command language,VMS
Data Control Language,Oracle
Data Center Linux
*dcm
Distributed Configuration Management,Oracle
*dd
detailed design,HDI
data dictionary,Oracle
*ddd
Data Display Debugger
*ddl
Data Definition Language,Oracle
*ddos
Distributed Denial-of-Service
*ddp
datagram delivery protocol,HDI
*ddr
Double Data Rate
Deutsche Demokratische Republik
*de-cix
Deutscher Commercial Internet Exchange
*dea
Drug Enforcement Administration
*dect
digital European cordless telephony
*defa
Deutsche Film AG
*dehomag
Deutsche Hollerith-Maschinen-Gesellschaft,IBM Tochter im 3. Reich.
*dep
Data Execution Prevention,PAE,NX
*des
data encription standard
*dfa
deterministic finite automaton
*dfd
Data Flow Diagram,HDI
*dfe
Digital Front End,HDI,SC and WM
*dfg
Deutsche Forschungs Gemeinschaft
*dfn
Deutsches Forschungs Netz
*dfs
Deutsche Flugsicherung
Dynamic Filesystem (SUN),Solaris 10
*dfsg
Debian Free Software Guidelines
*dft
Diskrete Fourier-Transformation
*dhs
Department of Homeland Security
*dht
Distributed Hash Table
*dhv
digital high volume,HDI
*dhv1
digital high volume - phase one,HDI
*diag
diagnostics,HDI
*dig
domain information groper,replaces nslookup
*dii
dynamic invocation interface,jax-rpc
*dini
Deutsche Initiative für Netzwerkinformationen
*dip
Directory Integration and Provisioning,OAS
*disg
Dominant,Initiative,Stetig,Gewissenhaft
*dism
Dynamic Intimate Shared Memory,SUN
*dit
directory information tree,ldap
*dju
Deutsche Journalisten Union
*djv
Deutscher Journalisten Verband
*dkim
Domain Keys Identified E-Mail 
*dl
Display List,HDI
*dll
dynamic link library,HDI
*dlm
Distributed Lock Manager,RAC
*dlp
Diskreten Logarithmus Problem,Krypto
*dlr
Deutschen Zentrums für Luft- und Raumfahrt
*dm
data mining
document mastering,HDI
Daniel Morgan,Oracle Newsgroups
*dma
direct memory access,HDI
*dmca
Digital Millennium Copyright Act
*dml
Data Manipulation Language
*dmmk
Deutschen Multimedia Kongress
*dmmv
Deutscher Multimedia Verband
*dmp
Designated Mailers Protocol,see SPF
Dynamic Multipathing,LVM
*dms
Dokument Management System
Dynamic Monitoring Services,Oracle
*dmt
Dictionary Managed Tables
*dmv
Deutsche Mathematiker Vereinigung
*dmz
DeMilitarized Zone
*dn
Distinguished Name,Oracle,LDAP
*dna
distributed internet architecture,Microsoft
Desoxyribonukleinsäure
*dnd
Drag and Drop
*dns
Domain Name Server/Service
Domain Name Systems
Domain Name Space,LDAP
*doc
Department of commerce
*dod
Department of Defense
*doe
Department of Energy;www.doe.gov
*dom
document object model
*dop
degree of parallelism of an operation,Oracle
*dopp.
doppelter
*dos
Disk Operating System,HDI
*dot
dots per inch
*dp
document positioner,HDI
dual processing,Intel
*dpa
document printing application,HDI
digital prepress applications,HDI
*dpg
Deutsche Physikalische Gesellschaft
*dpi
document producing instruction,HDI
dots per inch,HDI
*dpma
Deutsche Patent- und Markenamt
*dpmi
dos protected mode interface
*dps
document production system,HDI
direct print standard,CANON,HP u.a.
*dpsc
digital printing systems center,HDI
*dqp
distributed queuing protocol,HDI
*dr
Dynamic Reconfiguration,SUN
Disaster Recovery
*dram
dynamic random access memory,HDI
*drm
Digital Rights Management
Digital Restriction Management,RMS
Database Resource Management,Oracle
*drs
Disc Recognition Service
*drv
drivers,HDI
*ds
Developer Suite,Oracle
*dsa
Decimal Shift and Add (algorithm)
Digital Signature Algorithm
*dsag
Deutsche SAP Anwendergruppe
*dsc
document structuring conventions,Adobe,HDI
*dsi
dynamic skeleton interface
dynamic system initiative,MS Server
*dsl
digital subscriber line
domain specific languag
*dslr
Digital single lens reflex, digitale Spiegelreflexkamera
*dsml
directory services markup language,MS
*dsn
data source name,ODBC
*dsp
Digitalen Signalprozessoren
*dss
Decision Support System,Oracle
*dsss
direct sequence spread spectrum,802.11b
document storage subsystem
*dst
Daylight Saving Time
*dsw
Düsseldorfer Schutzvereinigung für Wertpapierbesitz
*dtc
Distributed Transaction Coordinator,Vista
*dtcp/ip
Digital Transmission Content Protection over Internet Protocol,Intel
*dtd
Document Type definition
*dte
Domain Type Enforcement
*dtrt
do the right thing
*dts
Data Transformation Service (ora to ms), Microsoft SQL Server
*dty
Data Type,SQL_TRACE
*dul
Data Unloader,Oracle,Recovery Tool
*dvb-h
Digital Video Broadcasting - Handhelds
*dvd
digital versatile disk
digital video disk
*dvi
DeVice Indepedent
Digital Visual Interface,Multimedia Standard
*dvma
direct virtual memory access,HDI
*dwarf
Debugging With Attributed Record Formats,Replacement for Stabs
*dwd
Deutscher Wetter Dienst
*dwdm
dense wavelength division multiplexing,dark fiber
*dwds
Digitales Wörterbuch der deutschen Sprache
*dwim
do what I mean
*e-otd
Enhanced Observed Time Difference
*e2a
end to anywhere,IONA
*e3
electronic entertainment expo,
*ea
Electronic Arts,Games-Development
*eal
Evaluation Assurance Level,see also CC
*eaps
ethernet automatic protection switching,extreme
*ear
Enterprise Archive,J2EE
Elektro-Altgeräte-Register
*ebXMLw
Electronic Business XML
*ebcdic
Extended Binary Coded Decimal Interchange Code
*ebitda
Earnings Before Interest, Tax, Depreciation and Amortization
*ebnf
enhanced backus-naur form,HDI
*ebu
Enterprise Backup Utility,predecessor of RMAN
*ecb
emacs code browser
*ecc
Error Correction Code,Fehlerkorrektur bei Hauptspeicher
EMC Control Center
Elliptic Curve Cryptography (nach RSA)
*ecid
Execution Context ID,OAS
*ecm
Enterprise Content Management
*ecn
Explicit congestion notification
*ecos
Embedded Configurable Operating System,Red Hat
*ecs
End of correction support,Oracle
*ecsp
a special mode for hp printers,HDI
*edge
Enhanced Datarates for GSM Evolution (UMTS Nachfolger)
*edi
electronic data interchange
*edpr
Elcomsofts Distributed Password Recovery,Passwort-Knacker
*edr
Enhnaced Data Rate,Bluetooth
Event Data Recorder, Black Box
*eee
see e3
*eef
Electronic Frontier Foundation (Verteidigt im falle des DeCSS-Prozesses)
*eeg
Elektroenzephalogramm
*eeprom
Electrically Erasable Programmable Read Only Memory,HDI
*efr
Enhanced Full Rate. Technic to improve voice quality.
*ega
Enhanced Graphics Adapter,HDI
*egg
Gesetz zum elektronischen Geschäftsverkehr
*egnos
European Geostationary Navigation Overlay Service,Galileo
*eib
Eagle Interface Board,HDI
European Installation Bus,Nicht Billig,Bussystem für Häuser
*eidb
Eagle Interface Daughter Board,HDI
*eii
Enterprise Information Integration
*ejb
enterprise javabeans
*ek
Endorsement Key,TPM
*ekc
eastman kodak company,HDI
*el
Expression Language,JSTL
Emacs Lisp
*elap
ether Talk link access protocol,HDI
*elc
Embedded Linux Consortium
*elf
Executable and Linkable Format
*els
Encyclopedia of Life Sciences
*elt
Extraction, Transformation, and Loading,Oracle
*emacs
Editor MACroS
*emca
Enterprise Manager Configuration Assistant,Oracle
*emf
Enhanced Metafile
*emma
Extensible MultiModal Annotation
*emo
Enhanced Maintenance Option,HDI
*ems
Enhanced Messaging Service,erweitertes SMS für Klingeltöne etc.
Extended Maintenance Support,Oracle
*emu
European Monetary Union
*emv
elektromagnetische Verträglichkeit
*enet
Ethernet
*engl.
englisch,DUDEN
*eniac
Electronical Numerical Integrator and Computer, Amerikas erster Computer
*enisa
European Network Information Security Agency
*enum
tElephone NUmber Mapping
*eod
end of defun,emacs
*eolas
Embedded Objects Linked Across Systems,IE benutzte dies unzulässig
*eot
Embedded Open Type,MS
*epa
Europäisches Patent Amt
*epc
Electronic Product Code,TM,RFID,Neuer Barcode
*epic
explicitly parallel instruction computing,Intel,Itanium.
*epoc
Another OS
*eps
 Encapsulate Post Script,HDI
*erd
Entity-Relationship-Diagram
*es
Extended Support,Oracle
*esa
European Space Agency,Europäischen Raumfahrtagentur
*esi
External Software Interface,HDI
Edge Side Includes,Oracle
*esl
Electronic Sports League
*esp
Elektronisches Stabilitäts Programm
Electronic Skip Protection" (ESP)
*esps
extended standard paper supply,HDI
*ess
Embedded Security Subsystem,IBM,TCPA,TPM
*est
Eastern Standard Time (Rochester/NY)
*et.
etwas,DUDEN
*eta
Estimate Time of Arrival
*etc.
et cetera,und so weiter,DUDEN
*etech
O'Reilly Emerging Technologies Conference
*etf2
Electronic Test Fixture II,HDI
*etsi
European telecommunications standards institute
*eula
End User License Agreement,Endbenutzerlizenzvertrag
*euv
Extremes Ultraviolett
*ewo
engineering working order,HDI
*exa
Enterprise X Archictecture,IBM,Itanium 2
*exe
Executable
*f.
Femininum
*faa
Federal Aviation Administration
*faf
Fast Application Failover,Oracle
*fag
frankfurter flughafen
*fal
Fetched Archived Logs,Oracle
*fan
Fast Application Notification,Oracle
*fbi
Function Based Index,Oracle
*fc
fibre channel
*fcc
federal communications commission
*fcd
floating car data
*fcf
Fast Connection Failover,Oracle
*fcode
FORTH code,HDI
*fdd
features definition document,HDI
*fddi
fiber distributed data interface,Fibre Channel
*fdma
Full Differential Memory Architecture
*fe
Front End,HDI
Field Engineer,HDI
*fepp
front end products & packages (bundles),HDI
*fet
free extents,Oracle,fet$ table
*fff
Free Font Foundation
*ffii
Foundation for a Free Information Infrastructure
*fga
Fine Grained Auditing,Oracle
*fhs
Filesystem Hierarchy Standard,GNU/Linux
*fhss
frequency hopping spread spectrum,802.11b
*fie
finisher interface engine,HDI
*fifo
first in first out. a device.,HDI
*fin.
finalis
*fips
Federal Information Processing Standard,Oracle,SQL92
*fish
Flash Internal Semiconductor Hard-drives
*fiz
Fachinformationszentrum Karlsruhe
*foq
frequent obnoxious questions
*fortran
IBM Mathematical FORmula TRANslating System
*fosdem
Free and Open Source Developers' European Meeting,Brüssel
*foss
Free and Open Source Software
*fp
Faktorisierungs-Problem,Krypto
*fpac
full productivity accent color,HDI
*fpf
firt-page-first,HDI
Fall Processor Forum
*fps
front panel selectable,HDI
*fru
field replace unit,HDI
*frz.
französisch,DUDEN
*fs
Filesystem
*fsc
Fujitsu-Siemens Corporation
*fsf
Free Software Foundation
Freiwillige Selbstkontrolle Fernsehen
*fsg
free standard group
*ftc
Federal Trading Commission
*fts
full table scan,Oracle
*fud
Fear, Uncertainty, Doubt
*fuse
Filesystem in the user space,linux
*fwiw
for what it's worth
*gTLD
generic Toplevel Domain: .biz, .info, .pro, .name, .museum, .aero, .coop
*gTLDs
generic Top Level Domains
*gaap
Generally Accepted Accounting Principles,US Bilanzierungsregeln
*gal
Global Address List,MS Exchange
*gao
General Accounting Office,US
*gats
Global Automotive Telematics Standard
*gbe
gigabit ethernet
*gc
garbage collection
*gcs
Global Cache Service,Oracle
*gdch
Gesellschaft Deutscher Chemiker
*gdl
gamma grapix description language,HDI
*gdp
gross domestic product,Bruttoinlandsprodukt (BIP)
*ged
Gemeinschaft Energielabel Deutschland
*gema
Gesellschaft für musikalische Aufführungs- und mechanische
Vervielfältigungsrechte
*geol.
geologisch,Geologie,DUDEN
*ges
Global Enqueue Service,Oracle
*gfc
gigabit fibre channel
*gfdl
GNU Free Documentation License
*gfi
Gesellschaft für Informationstechnik,M-S
*gfk
Gesellschaft für Konsumforschung
*gfs
Gobal File System,Sistine,RedHat
*gfu
Gesellschaft für Unterhaltung
*ggp
gateway gateway protocol
*ggsn
Gateway GPRS Support Node.
*gi
Gesellschaft für Informatik
*gif
graphic interchange format
*gimp
GNU Image Manipulation Program
*giop
generic inter-orb protocol
*gm
genetically modified
*gmd
Gesellschaft für Mathematik und Datenverarbeitung
*gmr
giant magneto-resistive, IBM harddrive technique
*gmt
Greenwich Mean Time
*gmx
Global Message Exchange
*gpf
General Protection Fault
*gpfs
General Parallel File System
*gpg
GNU Privacy Guard
*gpp
GNU Privacy Project,BMWi
*gprs
general packet radio service,115,2 kBit/s
*gps
global positioning system
*gpu
graphics processing unit
*gramm.
grammatisch,DUDEN
*gre
Gecko Runtime Environment
*gret
grayscale resolution enhancement technology,HDI
*griech.
griechisch,DUDEN
*grove
Graph Representation Of property ValuEs
*grub
GRand Unified Bootloader
*gsm
global system for mobile communications,9,6 kBit/s
Groupe Spéciale Mobile
grams per square meter,HDI
*gsp
Government Security Program,MS
*gst
Gnome System Tool
*gtk
GIMP Toolkit
*gtt
Global Temporary Table,Oracle
*gtts
Global Transport Telematik Systems
*gud
grand unified debugger,emacs
*gui
graphical user interface,HDI
*guide
General User Interface Design Evolution,HDI
*guile
GNU's Ubiquitous Intelligent Language for Extension
*guug
German Unix User Group
*gwb
Gesetz gegen Wettbewerbsbeschränkung
*gwt
Google Web Toolkit
*gxml
guideline xml
*ha
high availability,Oracle
*hacmp
High Availability Cluster Multi Processing
*havi
Home Audio Visual Interoperability
*hba
host bus adapter
*hbci
home banking communication interface
*hca
Host Channel Adpater,InfiniBand
*hch
host communications handler,HDI
*hci
human computer interaction
*hck
health check,HDI
*hcm
Human Capital Management,SAP
*hda
High Definition Audio,Intel
*hdcp
High-bandwidth Digital Content Protection,Intel
*hde
Hauptverbandes des Deutschen Einzelhandels
*hdl
Hardware description language
*hdlc
high level data link control
*hdmi
High Definition Multimedia Interface,DVI,Unterstützt eventuell HDCP
*hdml
Hand-held Device Markup Language
*hds
Hitachi Data System
*hdsl
high data rate (highspeed) digital subscriber line
*hdtv
High Definition TV
EDTV-Format  480p (640 x 480 Pixel)
HDTV-Format  720p (1280 x 720 Pixel) 
HDTV-Format 1080i (1920 x 1080 Pixel)
*hep
Hochenergiephysik
*hfc
hybrid fiber/coax
*hgp
Human Genome Project
*hib
hawk interface board,HDI
*hid
Human Interface Device
*hig
Human Interface Guidelines,GNOME
*hld
high level design,HDI
*hlr
Home Location Register
*hlrn
Hochleistungsrechner Nord, steht in Hannover und Berlin
*hnf
Heinz Nixdorf Museums Forum
*hp
Hewlett Packard
Harry Potter
*hpc
high performance computing
*hpi
heidelberg parallel interface,HDI
*hptc
High Performance and Technical Computing
*hr
Human Resources,SAP,Oracle
*hs
highspeed
*hscsd
High Speed Circuit Switched Data
*hsdpa
High Speed Downlink Packet Access
*hsm
Hierarchical Storage Management,EMC,Legato
*ht
Hyper Threading
*htcp
Hyper-Text Cache Protocol
*hth
Hope That Helps
*htp
hyper text package,Oracle
*http
hypertext transfer protocol
*http-ng
http - next generation
*hurd
HIRD of Unix-Replacing DAEMONs
*hv
high volume,HDI
*hwm
High Water Mark,Oracle
*i&am
Identity & Access Management,RSA,MS
*i. D.
im Deutschen
*i3a
International Imaging Industry Association,Kodak,Fuji,Cannon,HP,Olympus
*iSCSI
SCSI over internet
*iab
Internet Architecture Board
*iana
internet assigned number authority,Herzstück von ICANN
*ianal
I am not a lawyer
*iap
internet application components,SAP
*iata
International Air Transport Association
*ibm
international business maschines
*iboc
In-Band-On-Channel,Digital Radio
*ibs
IBM Business Services
*ic
Integrated Circuit,Integrierter Schaltkreis
*ica
indepent computing architecture
*icann
Internet Corporation for Assigned Names and Numbers
*icap
Internet Content Adaption Protocol
*iccm,icccm
Inter-client Communications Conventions Manual
*icf
Internet Connection Firewall,MS
*icga
International Computer Games Association
*icmp
internet control message protocol
*icod
Instant Capacity on Demand
*icp
Internet Cache Protocol,squid
*icq
I seek you,Meta Acronym
*icr
Intelligent Character Recognition
*icra
Internet Content Rating Association
*ict
Information and Communication Technology
*idap
Internet Data Access Presentation,Oracle,XML
*idb
Image Data Bus,HDI
*idc
International Data Corporation
*idf
intel developer forum
*idl
interface definition language
*idms
Integrated Data Base Management System,IBM,hierarchical database
*idn
Internationalized Domain Name,NIC,"ß" ist ausgeschlossen
*idna
International Domain Names,Gnus,IETF
*ids
Intrusion Detection System
Internet Developer Suite
*iec
international electro-technical conference,HDI
*ieee
institute of electrical and electronics engineers
*ietf
Internet Engineering Task Force
*ifa
Internationale Funkaustellung
*iff
if and only iff,normally used to express mathematical equivalence
*ifo
Institut für Wirtschaftsforschung
*ifr
interface repository (IONA)
*ifrs
International Financial Reporting Standard
*igmp
internet group multicast protocol
*iiop
internet inter-orb protocol
*iirc
If I Recall Correctly
*iiuc
If I Understand Correctly
*il
Intermediate Language; .NET
in Liquitation
Isolation Level
*ilm
Information Lifecycle Management
*ilp
Instruction Level Parallelism,Intel
*imap
Internet Mail Access Protocol
Internet Message Access Protocol
*imei
International Mobile Equipment Identity
*imho
in my humble opinion
*imp
Interface Message Processor,2. Sep. !969 an der ucla
*imr
Implementation Repository (IONA)
Iterative Mode Resolvern (DNS)
*ims
Fraunhofer-Institut für mikroelektronische Schaltungen und Systeme
*imt-2000
International Mobile Telecommunications Standard 2000
*imvho
In my very humble opinion
*in
Intelligent Network
*instr.
instrumentalis
*intel
Integrated Electronics
*intr.
intransitiv
*ior
interoperable object reference
*ios
input output serializer,HDI
internetwork operation system,IOS
*iot
Index-organized Tables,Oracle
*iow
In other words
*ip
image processing,HDI
intellectual property
*ipc
Inter Process Communication,HDI
*ipj
Internet Protocol Journal
*ipp
integrated project plan,HDI
Max-Planck-Instituts für Plasmaphysik,größter Rechner Deutschlands
*iptv
Internet Protocol TV
*ipx/spx
Internetwork Packet Exchange / Sequenced Packet Exchange,Novell,HDI
*ir
infrared
*irda
Infrared Data Association
*irm
Information Right Management,Office 2003
*irs
interface requirements specification,HDI
*isa
Industrie Standard Architecture
*isc
Internet Software Consortium
*iscsi
Internet SCSI
*isdl
Image Smart Document Library,HDI
*isdm
Image Smart Document Mastering,HDI
*isdn
integrated services digital network
*isi
Fraunhofer Instituts für Systemtechnik und Innovationsforschung in
Karlsruhe
*isis
image and scanner interface specification,HDI
*ism
Industrial Scientific and Medical
Intimate Shared Memory,SUN
*iso
International Standards Organization
*isoc
Internet Society
*isos
internet scaling operating system,GRID
*isp
internet service provider
*istm
It seems to me
*istr
I seem to recall
*isv
Independent Software Vendor
*ital.
italienisch,DUDEN
*itar
Internet Technical Assistance Request,Oracle,see too TAR
*itil
IT Infrastructure Library
*itl
Interested Transaction List,Oracle
*its
incompatible timesharing system,GNU
internet transaction service,SAP
*itu
International Telecommunication Union,Unterorganisation der UNO
*itw
In-The-Wild List, Viren und Schädlinge
*iuk
Gemeinsame Initiative der wissenschaftlichen Fachgesellschaften zur
elektronischen Information und Kommunikation (DMV,DPG,GdCh,GI).
*ivr
Interactive Voice Response
*j2ee
jave 2 enterprise edition
*j2me
java 2 micro edition - ist z.B. im Nokia 3410 Handy untergebracht.
*jaas
Java Authentication and Authorization Service
*jai
job abort indication,HDI
Java Advanced Imaging
*jam
job accounting manager,HDI
*jap
Java Anon Proxy,Uni Dresden
*jar
Java Archive
*jax-rpc
Java API for XML based RPC
*jaxb
Java Architecture for XMl Binding
*jaxm
Java API for XML messaging
*jaxp
Java API for XML processing
*jaxr
Java API for XML registries
*jca
Java Connector Architecture,Security
Jave Cryptography Architecture,Security
*jcb
Job Control Bus,HDI
*jcc
job control communications,HDI
*jce
Java Cryptography Extension,jca
*jck
java compliance kit
*jcla
Java Language Conversion Assistant,MS
*jd
joint development,HDI
*jdbc
java database connectivity
*jdc
Java Developer Connection
*jdf
job definition format
*jdi
Java Debug Interface
*jdk
java development kit,HDI
*jdwp
Java Debug Wire Protocol
*jib
job image buffer,HDI
*jini
Java Intelligent Network Infrastructure
*jis
Japanese Industrial Standard,HDI
*jit
just in time
*jls
Java Language Specification
*jm
job manager,HDI
*jmf
job messaging format
*jms
java messaging service
*jmx
Java Management Extensions
*jndi
java naming and directory interface,Oracle
*jnlp
Java Network Launching Protocol
*jogl
Java Open GL Interface
*jpa
Java-Persistenz-API
*jpda
Java Debug Platform Architecture
*jpeg
Joint Photographic Experts Group
Verlustbehaftetes Imagecompression Format,HDI
*jrm
job resource manager,HDI
*json
JavaScript Serialized Object Notation
*jsp
java server page
*jsr
Java Specification Request
*jsse
Jave Secure Socket Extension
*jstl
JSP Standard Tag Library
*jta
java transaction api,Oracle
*jtag
joint test action group,HDI
*jtc
joint technical committee. Manages the iso/iec java standards process.,HDI
*jts
java transaction service
*jur.
juristisch,Rechtswesen,DUDEN
*jvm
java virtual machine,HDI
*kMZ.
keine Mehrzahl,DUDEN
*kag
kodak aktien gesellschaft,HDI
*kba
Kraftfahrtbundesamt
*kco
kodak client options,HDI
*kdc
Key Distribution Center,Kerberos
*kdk
extensions to dsc, %KDK...,HDI
Kodak Document Kluge,HDI
*kecp
kodak equipment commercialization process,HDI
*kfw
Kreditanstalt für Wiederaufbau
*kgl
Kodak G4 Language
*kiss
Keep It Simple and Stupid
*kjm
Kommission für Jugendmedienschutz
*kkr
Kohlberg Kravis Roberts. Kauften "Siemens Nixdorf Retail and Banking
Systems GmbH"
*kmis
kodak meter information software,HDI
*kmu
kleine und mittlere Unternehmen
*kmx
kodak-voice-mailbox,HDI
*kons.
konsonantisch
*ksh
Korn Shell
*kvp
kontinuierlicher Verbesserungs-Prozeß
*kw
Kennwort
*laam
Legato Automated Availability Manager, formerly Legato Cluster
*lag
Landesarbeitsgericht
*lan
local area network,HDI
*lap
Lisp Assembly Program,Emacs
*laser
light amplification by the stimulated emission of radiation
*law
Local Area Wireless,Bluetooth,WLAN,DECT
*lbs
Location Based Services
*lcd
liquid-crystal display
*lcos
Liquid Cristal On Silicon
*lcr
Logical Change Record,Oracle Streams
*ldap
lightweight directory access protocol
*ldd
List Dynamic Dependencies,UNIX program
*leap
Lightweight Extensible Authentication Protocol,Cisco,WLAN
Linux Enterprise Applications Porting Center,RedHat,Oracle
*led
Light Emitting Diode,Leuchtdiode
*leo
Low Earth Orbit
*lfp
Linux Font Project
*lfs
Large File System
Linux From Scratch
*lga
Land Grid Array,pinlose Prozessoren,Intel
*lgwr
Log Writer,Oracle
*lgx
Lionheart Grammagraphix Printer,HDI
*lh
LionHeart,HDI
*lhc
Large Hadron Collider, CERN
*lilo
Linux Loader
*ling.
linguistisch,Linguistik,Grammatik,DUDEN
*lio
Logical I/O,Oracle,TKPROF
*lisp
LISt Processing language
*live
Linux Verband
*lkmi
Linux Kernel Measurement Interface 
*llap
local talk link access protocol,HDI
*lmd
Global Enqueue Service Daemon,ORACLE,RAC
*lmi
Lars Magne Ingebrigtsen
*lms
Lock Manager Server,Global Cache Service,Oracle RAC
*lmt
Locally Managed Tablespace,LMT
*lmu
Ludwig-Maximilians-Universität-München
*lob
Lehmann's Online Books (www.lob.de),HDI
Long Column,Oracle
*loc.
locativus
*lol
Laughing Out Loud
*lp
lineprinter,HDI
*lpd
line printer daemon.,HDI
*lpf
last-page-first,HDI
*lpr
lineprinter request,HDI
*lqp
local queuing protocol,HDI
*lrl
language routing library,HDI
language resource library,HDI
*lrp
Linux Router Project
*lru
Least Recently Used
*lsass
Local Security Authority Subsystem Service,sasser virus
*lsb
linux standard base
*lsi
logic storage system inc.
*lsm
Loadable Security Modules,Linux
Legato Storage Manager
*lssv
Legato Single Server Version
*lt
Long Transaction,Oracle
LaGrande Technologie,Trusted Computing
*lts
Log Transformation Services
*lun
Logical Unit Number,SAN
*luw
Logical Unit of Work,Oracle Retail
*lv
low voltage
*lvm
Logical Volumne Manager
*lwl
Lichtwellenleiter
*lzw
Lempel-Ziv-Walsh (Dictionary based compression algorithm)
*m.
Maskulinum
*maa
maximum availability architecture
*mac
Mandatory Access Control,Ethernet
Media Access Control,WI-FI
*mal
Maximum Array Length,SQL_TRACE
*man
metropolitan area network
*mapi
Messaging Application Programming Interface,MS
*math.
mathematisch,Mathematik,DUDEN
*mb
multibyte encoding,Oracle
*mbo
Management Buy Out
*mbs
Microsoft Business Solution
Multiple Block Sizes,Oracle
*mcb
Marker Control Bus,HDI
*mce
Media Center Edition,MS
*mch
Memory Controller Hub,Intel
*mcpp
Microsoft Communications Protocol Program
*mda
mail delivery agent
*mdac
MS Data Access Components,Oracle
*mdb
Message Driven Beans (MDBs),Oracle
*mds
Mobile Data System,BES
*mdtm
modification time
*me
marking engine,HDI
*mec
Marking Engine Control,HDI
*mecm
marking engine control manager,HDI
*med.
medizinisch,Medizin,DUDEN
*mens.
mensurae
*meo
Mid Earth Orbit
*mes
marking engine supervisor,HDI
*mexe
Mobile Execution Environment
*mfd
multi function device,HDI
*mgi
Metro Group Informatik
*mgl
Metro Group Logistik
*mgw
Message Gateway,Oracle
*mhp
Multi Home Platform
*mib
management information base,HDI
*micr
Magnetic Ink Character Recognition
*midp
Mobile Information Device Profile
*mil.
militärisch,Militärwesen,DUDEN
*mime
Multipurpose Internet Mail Extensions
*mingw
Minimalist GNU for Windows
*mint
Mathematik Informatik Naturwissenschaft Technik
*mip
Marking Image Path,HDI
*mipc
Mobile Imaging and Printing Consortium,Direct printing from smart devices
*mipi
Mobile Industry Processor Interfac,Nokia,TI,...
*mis
Management Information System,JDF
*mit
Massachusettes Institute of Technology
*miti
Ministerium für Internationalen Handel und Technologie in Japan
*mix
Prozessor von Donald M. Knuth
*mlr
Merge Label Request,Oracle
*mmc
Multimedia Card
Microsoft Management Console,
*mmix
Millenium Mix
*mml
Media Management Library,Oracle
*mmom
manageability monitor,oracle
*mmu
Memory Management Unit,Linux
*mmx
Multimedia Extension,Intel
*mng
multipe-image network graphics
*mof
Meta Object Facility,UML 2.0
*mol
Mac on Linux,Modul des Power Mac Linux
*mom
MS operations manager,MS System Management
*mos
Media Online Shop
*mp
Multi Processing,Intel
*mp3
Motion Picture Experts Group audio layer 3
*mpaa
Motion Picture Association of America. Verklagte DeCSS Links.
*mpeg
motion jpeg
motion picture expert group
*mpf
Multi Processor Forum
*mpg
Max-Planck-Gesellschaft
*mpi
message passing interface,Intel,Linux,Cluster,OSX
*mpp
massive parallel processor
*mps
Massively Parallel Systems,Oracle
mfd pseudo server,HDI
*mpss
multiple page size support
*mr
magneto-resistive, IBM harddrive technique
*mram
Magnetic Random-Access Memory
*mro
Maintenance,Repair,Operations
*mrp
Material Resource Planning
Material Requirement Planning
Managed Recovery Process,Oracle,DG
*mru
Most Recently Used,Oracle,End of the LRU
Maximum Receive Unit
*ms
millisecond
marking subsystem,HDI
*msc
Mathematics Subjects Classification
*mscd
microsoft certified solution developer
*msde
Microsoft Data Engine
*mss
Marking Subsystem Services,HDI
*mst
Mikrosystemtechnik
*mta
Mail Transfer Agent
Message Tranfser Agent
*mtbf
mean time between failures
*mts
multi threaded server,Oracle
mobile telephone service
microsoft transaction server
*mttf
Mean Time To Failure
*mttr
Mean Time To Repair,Oracle
*mtu
Maximum Transmit Unit
*mua
mail user agent
*mud
Multi-User Dimension,Multi-User Dungeon
*mudda
Magnificent Union of Digitally Downloading Artists,Peter Gabriel,Brian Eno
*mus.
musikalisch,Musik,DUDEN
*mvcc
Multi-version concurrency control,Postgres,Oracle
*mvp
most valuable professionals,MS
*mvrc
multi versioning read concurrency,SQL Server
*mvs
ultiple Virtual Storage,IBM
*mvto
multi versioning timestamp odering,SQL Server
*mx
Mail Exchanger,BIND
*mxl
Maximum Length,SQL_TRACE
*n/a
not applicable,HDI
*na
network agent,HDI
*nac
Network Admission Control
*nap
Network Acces Protection
*nas
network attached storage
*nasa
National Aeronauts and Space Administration
*nasdaq
national association of securities dealers automated quotations
*nat
network address translation
under linux: ip masquerading
*nat.
natürlich
*nav
Norton AntiVirus
*nbd
network block device,RAC
*nbp
name binding protocol,HDI
*nbsp
none breaking space, a space that inhibits a line break.
*ncf
network computing framework,IBM. ncf enthält San Fransico.
*nci
None Coded Information
*ncp
NetWare core protocol,precursor of TCP/IP
*ncq
Native Command Queuing,S-ATA
*ncs
Network Communication Services,HDI
*ncw
Network Centric Warfare
*nda
non-disclosure agreement
*ndc
Nested Dialog Context,Java,log4j
*ndps
Novell Distributed Printing Services,HDI
*nds
netware directory service
native dynamic sql
*ndv
Number of Distinct Values,Oracle
*nec
Nippon Electric Company Ltd. (NEC)
*nfa
non-deterministic finite automaton
*nfc
near field communication,Sony + Phillips,ca. 20cm
*nfs
network file system
*ng
newsgroup
next generation,M-S
*ngio
Next Generation IO
*ngscb
Next-Generation Secure Computing Base,Palladium
*ngws
next generation window services
*nic
network interface card
*nid
New ID,New Database ID
*nih
not invented here - syndrome,HDI
*nist
National Institute of Standards und Technology
*njp
new journal of physics;http://njp.org
*nl
Nested Loop,Oracle
*nlm
National Library of Medicine
*nlp
neurolinguistische Lernprozesse
natural-language processing
*nn
Normalnull (Meeresspiegel)
Nomen Nominandum
*nntp
network news transfer protocol
*noc
Network Operations Center
*nov
News Overview
*nptl
Native Posix Thread Library,Linux,RH
*nrj
Radio NRJ,Engergie,ehemals NDR
*ns
Name Server,BIND
*nsa
National Security Agency
No Such Agency
*nsdn
Nullsoft Developer Network
*nsf
national science foundation.Nachfolger von ARPA in 1989
*nsi
Network Solution (ehemaliger Domain Verwalter)
*nss
Network Subsystem
*ntlm
NT Lan Manager (Vorgänger von AD)
*ntp
Network Time Protocol
*ntt
Nippon Telegraph & Telephone;NTT DoCoMo
*nua
News User Agent
*numa
Non Uniform Memory Architecture
*nur Mz.
nur Mehrzahl,DUDEN
*nv
none volatile,HDI
*nvo
networked virtual organisations
*nx
No execution,DEP,PAE
*o.
oder
*o.ä.
oder ähnliches,DUDEN
*oai
open archive initiatives
Oracle Academic Initiative
*oam
Output Accessory Manager,HDI
*oasis
organization for the advancement of structured information
*obe
Oracle By Example
*obi
open buying on the internet
*obj.
objectivus
*oc4j
Oracle Container for Java,Licensed by Ironflare Corporation (Orion)
*oca
Oracle Certified Associate
OAS Certificate Authority
open client adapter for odbc
*occi
Oracle C++ Interface
*oce
Oracle Certification Environment
*ocfs
Oracle Cluster File System
*oci
operator control interface,HDI
*ocm
Oracle Change Manager
Oracle Certified Master
Oracle Cluster Manager
*ocp
Oracle Certified Professional
operator console panel,HDI
*ocr
optical character recognition,HDI
Oracle Cluster Registry
*ocs
oracle collaboration suite
*oct
Oracle Command Type,SQL_TRACE
*od.
oder,DUDEN
*odbc
open database connectivity
*odl
OAS Diagnostic Logging
*odm
Oracle Disk Manager
*oe
Order Entry,Oracle,Sample
*oecd
Organisation for Economic Co-Operation and Development
*oem
original equipment manufacturers,HDI
other equipment manufacturers,HDI
*ofa
Optimal Flexible Architecture,Oracle
*ofdm
orthogonal frequency division multiplexing
*oftel
Office of Telecommunications (Great Britain)
*ofx
open financial exchange,format of quicken and ms money
*ogsa
open grid services architecture,IBM
*ogsi
Open Grid Services Infrastrucure)
*ohs
Oracle HTTP Server
*oi
office imaging,HDI
*oia
oracle information agent,OMS,lsnrctl dbsnmp_start/8, agentctlstart/9
Oracle Internet Academy
*oid
oracle internet directory,Oracle-LDAP
*oki
open knowledge initiative,MIT
*olap
online analytical processing
*oled
organic light emitting devices
*ols
Oracle Label Security
*olsa
Oracle License and Services Agreement
*oltp
Online Transaction Processing
*oma
Open Mobile Alliance,Nokia,...
Oracle Management Agent
*omap
Open Multimedia Applications Protocol,TI
*omf
Oracle Managed Files
observation markup language (fürs Wetter)
*omg
object management group
*omr
Oracle Management Repository
*oms
Oracle Management Server
Oracle Management Services
*omtp
Open Mobile Terminal Platform
*omw
Oracle Migration Workbench
*on
Oracle on NetApp
*oo4o
Oracle Object for OLE
*ooo
Out Of Order Execution,Intel
*oop
Object Oriented Programming
*op
Original Poster
*opc
OLE for Process Control
*opi
Oracle Program Interface
*opie
Open Palmtop Integrated Environment,Qtopia,Zaurus
*opmn
Oracle Process Manager and Notification Server,Oracle
*ops
Oracle Parallel Server
*orb
object request broker
*ordb
Open Relay Database
*orm
Object-Relational-Mapping
*os
operating system,HDI
*osaf
Open Source Applications Foundation (OSAF),Chander,ein PIM Manager
*oscp
Oracle Storage Compatibility Program
*osd
Operating System Depend Layer,Oracle,RAC
*osdl
Open Source Development Lab (ibm, hp etc)
*osdn
open source development network,ostg
*ose
Oracle Servlet Engine.
*osi
open system interconnection,competitor to TCP/IP
*osm
Open Street Map
*osn
open storage networking
*oss
Open Source Software
Oracle Support Service
*osso
Oracle Single Sign-On
*ostg
Open Source Technology Group,prior OSDN
*otc
optical translation crossconnect
*otg
Oracle Transparent Gateway
*otl
Oracle Time and Labour
*otn
optical transport network
*otoh
on the other hand
*otp
open trading protocol
*ots
object transaction service
*ott
Object Type Translator,Oracle
*ou
Oracle Univerity
*owa
Oracle Web Application
*owb
Oracle Warehouse Builder
*owc
Oracle Web Conference
*owl
Ontology Web Language
*oxm
Object-XML-Mapping
*p2p
peer to peer
*p3p
Platform for Privacy Policies
*pa
precision architecture (hp)
*pac
Privilege Access Certificate,Kerberos
*pae
physical address extentions,Oracle,W2K,More than 2 GB.
*pal
Processor Abstraction Layer,Itanium2
*pan
personal area network
*pap
printer access protocol (apple),HDI
*parc
Xerox Palo Alto Research Center (PARC)
*part.
partitivus
*pas
Publicly Available Specifications
*patriot
Provide Appropriate Tools Required to Intercept and Obstruct Terrorism
*pbm
black and white image format
*pbs
parallel byte stream,HDI
*pca
Personal Internet Client Architecture (Intel)
*pci
Peripheral Component Interconnect
*pcl
Printer Command Language,HP,HDI
*pcn
Product Change Notification,Intel
*pcs
printer command set,HDI
*pct
Product Certification Testing
*pda
personal digital assistant
*pdb
python debugging,EMACS
pluggable database, Oracle
*pdc
Personal Digital Cellular
Primary Domain Controller
Professional Developers Conference,MS
*pdd
Palm Deficiency Disease. Wenn die Batterien ausgehen!
Professional Disk for Data,Sony,Blue-Ray Disk
*pdf
portable document format,HDI
*pdk
Perl Dev Kit,ActiveState
*pdl
Page Description Language,HDI
*pdlh
page description language handler,HDI
*pdo
PHP Data Object Abstraction Layer, similar to DBI in Perl
*pdp
Progammable Data Processor,DEC
Plasma Display Panel
*pe
Portable Executable Format (Microsoft)
*pem
Privacy Enhanced Mail
*perl
Practical Extraction and Report Language
*pers.
persönlich
*pet
Privacy Enhancing Technology,anonymity net
*pfd
print file downloader
*pfi
Post-Fuser Inserter,HDI
*pga
Process Global Area
*pgm
gray scale image format
*phd
Philosophiae Doctor [Doctor of Philosophy]
*php
PHP: Hypertext Preprocessor
*phy
physical layer,WI-FI
*phys.
physikalisch,Physik,DUDEN
*pi
Processing Instructions,XML
*pib
peripheral interface board,HDI
*pic
Parallel Instruction Set,Intel
*pics
Platform for Internet Content Selection,W3C Standard
*pim
Personal Information Manager
Platform Independent Model
*pin
Personal Identification Number
*pine
Program for Internet News & Email
*pio
Physical I/O,Oracle
*pir
Public Internet Registry
*pird
product initiated remote diagnostics,HDI
*pita
Pain In The Ass
*pjl
printer job language,HDI
*pjtf
portable job ticket format, based on pdf
*pki
Public Key Infrastructure
*pla
Polylactate Polylactic acid,flammwidriger Kunststoff,NEC
*plc
Powerline Communication
*plm
Product Lifecycle Management,SAP
*pls
Playlist format,Winamp
*pm
Product Media,Oracle,Sample
*pma
Print Management Applications,HDI
*pmid
protocol module interface definition,HDI
*pmon
Process Monitor,Oracle
*pmp
Portable Media Player,MS
*pnc
Personal Network Card
*png
portable network graphics
*pnrp
Peer Name Resolution Protocol,ipv6
*poa
portable object adapter
*poc
Paper Object Coming,HDI
*pod
Paper Object Delivered,HDI
*poh
Paper Object Handling
Pilot Operating Handbook
*poi
Point of Interest
*pol.
politisch,DUDEN
*pon
passive optical network
*pop
Post Office Protocol
Point of Presence
*pop3
Post Office Protocol V3
*pos
Point of Sale
*pose
Palm OS Emulator
*posix
Portable Operating System Interface eXchange  
*poss.
possessivus
*pots
plain old telephone system
*pov
Point Of View
*ppd
Postscript Printer Description,HDI
*ppdc
Packet Personal Digital Cellular,GPRS for Japan
*ppf
print production format
*ppl
private pilot license
*ppm
colour image format
*ppml
Personalized Print Markup Language,HDI
*ppp
Point-to-Point Protocol
*pps
Print Production System,HDI
*pptp
point to point tunneling protocol
*pq
Parallel Query,Oracle
*pr
problem report,HDI
page rank,Google
*prd
Product Requirements Document,HDI
*pre
Precision
*prf
Problem Report Form
*prml 
Partial-Response, Maximum Likelihood, IBM harddrive technique
*prng
pseudo random number generator
*profs
professional office system,HDI
*ps
postscript,HDI
Postskript(Nachschrift)
Preskript(Vorschrift)
*psa
Personal Service Agentur
*psau
Printer Services Administration Utility,HDI
*pscb
Paper Supply Control Board,HDI
*psi
postscript interpreter,HDI
*psm
IBM print service manager,HDI
product support module (part of ncs),HDI
Platform Specific Model
*psp
PL/SQL Server Pages
Playstation Portable
*pt
Performance Tuning,Oracle
*pt&e
product testing and evaluation,HDI
*pt&qa
product testing and quality assurance,HDI
*ptb
Physikalisch-Technische Bundesanstalt
*pte
Page Table Entry,Linux Kernel
*ptf
Piplined Table Functions
*ptt
Push To Talk,GPRS,Walkie-Talkie
*pup
PARC universal packet protocol
*pvr
Personal Video Recorder
*pvs
Produktvariantenstruktur,SAP,VW
*pwc
PricewaterhouseCoopers
*pwg
printer working group
*pwm
Pulse Width Modulation
*pxc
print-exchange,HDI
*pxe
Preboot Execution Environment,Linux,Mandrake
*qa
Quality Assurance,HDI
*qbm
quality bug metric,HDI
*qc
Quality Check,M-S,S4TNG
*qed
Quod Erat Demonstradum
*qmn
Queue Monitor,Oracle
*qms
queue manipulation server,HDI
*qos
quality of service
*qrio
Quest for Curiosity,Sony Roboter, der laufen kann.
*qs
Queued Shipping,Oracle,Sample
*qual.
qualitatis
*quxga
3840x2400 Bildpunkte (QUXGA)
*qvga
240x320
*r&d
Research and development
*rac
Real Application Cluster,ORACLE
*race
Raw Ascii Compatible Encoding 
*rad
rapid application development
resource access descriptors,oracle,oid
*radius
Remote Authentication Dial In User Service
*raid
Redundant Arrays of Inexpensive Disks
*ras
Remote Access Server
Reliability, Availability, Serviceability,OSDL
*rcs
revision control system
*rda
Remote Diagnostic Agent,Oracle
*rdf
Resource Description Framework,RSS
*rdma
Remote Data Memory Access,MPI
*rdp
remote desktop protocol
remote display protocol
*rdram
rambus dynamic random access memory
*rds
Radio Data System
*rds-tmc
Radio Data System - Traffic Message Channel
*reco
Recoverer,Oracle
*refsys
adobe's reference system based upon a canon rx engine,HDI
*reg
Active Registration
*rel.
religiös,Religion,DUDEN
*relax
Regular Language Description for XML,XML-Schemata
*rest
representational state transfer,ajax
*rf
radio frequency,HDI
*rfa
Request For Application
*rfc
request for comments
*rfd
Request for Discussion
*rfid
Radio-Frequency-Identification-"Tags",Infinion
*rfs
remote file system
*rgb
red green blue,HDI
*rhce
Red Hat Certified Engineers
*rhct
Red Hat Certified Technicians
*rhel
Redhat Enterprise Linux
*rhic
Relativistic Heavy Ion Collider,Teilchenbeschleuniger
*rhn
Redhat Network
*rhos
Reduction of Hazardous Substances
*ri
Referential Integrity
*riaa
Recording Industry Association of America
*rims
Ranging and Integrity Monitor Stations,egnos
*rip
raster image processor,HDI
*rir
Regional Internet Registries,ICANN
*risc
Reduced Instruction Set Computer 
*rl
reconfigure logic
*rle
run length encoding,JPEG
*rls
Row Level Security,Oracle
*rmds
Reuters Market Data System,auch unter RH verfügbar
*rmi
Remote Method Invocation (Java)
*rmp
Real Media Plug-in
*rms
Richard Matthew Stallman
Right Management Service
*rmx
Reverse MX,see SPF
*rnc
Radio Network Controler,UMTS
*rnds
read no database state,Oracle
*rofl
Rolling on the Floor,Usenet
*rope
Remote Object Proxy Engine,.NET
*rot
Rule of Thumb
*rpc
remote procedure call,HDI
*rpg
Report Generator,Report Program Generator
*rpm
Redhat Package Manager
Revolutions Per Minute
Rotations Per Minute
*rr
Resource Record,BIND
*rs
reader subsystem,HDI
*rsa
Ron Rivest, Adi Sharmir, Leonard Adleman,public key encryption technology
*rsi
repetive strain injury
*rsm
Remote Shared Memory,RAC,Solaris
*rsn
real soon now
*rss
Really Simple Syndication,RDF
RDF Side Summary
*rtfm
read the fine manual
*rtm
Release to manufacturing
*rts
raster transfer services,HDI
*rtsa
Raster Transfer Service Agent
*rtsh
raster transfer services handler,HDI
*rtsp
Real Time Streaming Protocol
*rvd
Remote Vehicle Diagnostic
*rvm
Remote Volume Mirroring
*s
second
*s4
Simpole Solution Support System,M-S
*sa
shipping approval,HDI
*saaj
Soap with Atachments API for Java
*same
Stripe And Mirror Everything,Storage Technology,RAID 01
*saml
Security Assertion Markup Language
*san
storage area network
*sane
Scanner Access Now Easy
*sans
SysAdmin Audit Network Security
*sap
Silly Application Program :)
SIM Access Profile
*sar
Specific Radiation Absorption Rate
system activity reporter,SUN
*sarc
Symantec's Anti-Virus Response Center
*sars
Schweres Akutes Respiratorisches Syndrom
*sas
Serial Attached SCSI
*sasl
simple authentication and security layer
*sax
simple api for xml
*sb
singlebyte encoding,Oracle
System-Builder Version,MS
*sbs
serial byte stream,HDI
*sbus
system bus,HDI
*sc
System Controller,HD/Mustang
*scanalu
Scalable Natural Language Understanding
*scas
Status,Configuration and Accounting Services
*scd
System Center Digital,HDI
*sce
Sony Computer Entertainment
*schweizer.
Gebrauch in der Schweiz,DUDEN
*sci
Scalable Coherent Interface,Linux,Mandrake
*scl
Scale,SQL_TRACE
*scm
supply chain management
software configuration management
source code management
*scn
scanner,HDI
system change number,ORACLE,dbms_flashback
*sco
Santa Cruz Operation
*scor
Supply Chain Operations Reference
*scs
system control subsystem,HDI
system controller subsystem,HDI
*scsi
small computer systems interface,HDI
*scsl
Sun Community Source License
*scsp
scanner supervisor,HDI
*sd
Security Descriptor,NT,Cygwin
Secure Digital Card
*sde
smart device extensions,.NET
*sdf
Secondary Data Files,Oracle,SQL*Loader
*sdh
synchronous digital hierarchy,Lucent
*sdhc
Secure Digital High Capacity
*sdk
system development kit
*sdl
simple data link
*sdm
System Definition Model,MS Server
*sdmi
Secure Digital Music Initiative
*sdram
synchronous dynamic random access memory
*sdsl
symmetrical single pair digital subscriber line
*sec
Securities and Exchange Commission
*sei
Software Engineering Institute,Canegie Mellon Univerity,CMM
Service Endpoint Interface,SOAP
*semi
Semiconductor Equipment and Materials Industry
*sep
Sort Extent Pool,Oracle
*sep.
separativus
*ses
scientific and engineering software,inc,HDI
*seti
Search for Extraterrestrial Intelligence
*sfa
sales force automation
*sfs
Scalable File System
SAN File System,IBM
*sh
Sales History,Oracle,Sample
*sha-1
Secure Hash Algorithm
*shmfs
Shared memory filesystem on /dev/shm
*sia
Semiconductor Industry Association
*sid
system identifier,Oracle
security identifier,NT,Cygwin
process id of the session leader,ps
*sig
software integration group,HDI
*sige
SiGe,Silizium-Germanium
*sim
scan image manager,HDI
subscriber identification module
*sip
Session Initiation Protocol,GPRS
*sis
Silicon Integrated Systems,Chip-Fabrik in Taiwan
*sj
Semi-Join,Oracle
*sld
SuSE Linux Desktop
*sles
SusE Linux Enterprise Server
*sli
Scan Line Interleaving,Nvidia
*slip
Symmetric List Processor,LISP Konkurrenz von Joseph Weizenbaum
*sloc
Source lines of code
*slox
SuSE Linux OpenExchange Server
*slr
single lens reflex, Spiegelreflexkamera
*sls
session listening socket,HDI
*smart
Self-Monitoring Analysis and Reporting Technology,Hard Drives
*smb
server message block protocol
*smg
service manager,HDI
*smgr
service manager,HDI
*smil
synchronized multimedia integration language
*smoc
System Management Operation Center,M-S
*smon
System Monitor,Oracle
*smp
Simultaneous Multi Processing
*sms
short message service
secure mobile solutions,Infineon
Systems Management Server,MS Server
*smt
Symmetric Multi Threading
*smtp
simpole mail transfer protocol
*smu
System Managed Undo
*snap
Scalable Network Application Package,J2ME
*snia
system network interface architecture
*snmp
simple network management protocol,HDI
*snp
snapshot.job queues in Oracle 8,because before it could be used only for
snapshots.
*soa
Start Of Authority,BIND
Service Oriented Architecture,Oracle
*soap
simple object access protocol
*soc
System on a Chip,IBM
*sod
Segregation of Duties,Vier-Augen-Prinzip
*soho
small office,home office
*soi
Silicon-On-Insulator-Technik
*sonet
synchronous optical network
*sparc
Scalar Processor ARChitecture
Scholarly Publishing and Academic Resources Coalition
*spd
setpagedevice,HDI
*spec
Standard Performance Evaluation Corporation
*spf
Sender Permitted Form,Anti-SPAM Technik,see too MS-Caller ID
Sender Policy Framework,new name
Spring Processor Forum
*spi
Stateful Packet Inspection,Netgear
*spot
Smart Personal Object Technology,MS
*spv
Sound, Pictures, Video,MS Smart Phone
*sqa
software quality assurance,HDI
*sqe
software quality engineering,HDI
*sr
Service Request, new TAR, Oracle
*sram
static random access memory,HDI
*srd
software requirement document,HDI
*srdf
Symmetrix Remote Data Facility
*srs
software requirement specification  ,HDI
*srvr
server,HDI
*ss
storage supervisor,HDI
*ssa
serial storage architecture,HDI
*ssd
Solid State Disk
*ssis
system software interface specification,HDI
*ssk
Strahlenschutz-Kommision
*ssl
secure sockets layer
*sso
single sign-on,Oracle
*sta
Stadion,WI-FI
*std
standard,HDI
*stpo
Strafprozessordnung
*sts
Sharepoint Team Service,MS
Security Token Service,MS,SSO
*stsp
storage supervisor,HDI
*sun
Standford Univerity Network
*sus
Software Update Service,see too WUS
*svg
scalable vector graphics,Adobe,Konkurrenz zu Flash
Silicon Valley Group,Halbleiterhersteller
*svga
12,1" 1024x768
*svid
System V Interface Definition
*svp
SCSI VI protocol
*svr
server,HDI
*swap
shared wap
*swec
software engineering center
*swt
Standard Widget Toolkit,Eclipse
*sxga+
14,1" 1400x1050
*tab
Technologiefolgeabschätzung
*tac
technical assistance center,HDI

traffic acquisition costs
*taf
Transparent Application Failover,Oracle
*tal
Teilnehmeranschlußleitungen
*taocp
The Art of Computer Programming,Donald Knuth
*tapi
Telephony Application Programming Interface
*tar
Technical Assistance Request,Oracle
*tbd
to be determined,HDI
*tbr
to be resolved,HDI
*tcg
Trusted Computing Group
*tck
Test Compatibility Kit,J2EE
*tcl
tool command language (tickle)
*tco
total costs of ownership
totally cool OS
*tcp
transmission control protocol
*tcp/ip
transmission control protocol / internet protocol,HDI
*tcpa
Trusted Computing Platform Alliance (TCPA),MS,Intel,AMD
*tdd
Time division duplex (UMTS/Siemens)
*tdg
Teledienstgesetz
*tdm
time division multiplexing
*tdma
Time Division Multiple Access,GSM nutzt TDMA,see also CDMA
*tdp
Thermal Design Power,AMD
*tea
Tiny Encryption Algorithm,XBox,Palladium
*tec
Text Encoding Converter Manager
*tech.
technisch,DUDEN
*tem
Transmissions-Elektronenmikroskopen
*tfm
The Fine Manual
*tfn
tribe flood network (mixter). Program for DDoS.
*tft
Thin Film Transistor - Display
*tia
Total Information Awareness,DARPA
*tif
Tagged Imgae File
*tiff
tagged image file format,HDI
*tih
terminal interface handler,HDI
*tii
time independent invocation,CORBA
*tim
Telecom Italia Mobile
*tkg
Telekommunikationsgesetz
*tkip
Temporal Key Integrity Protocol,wpa
*tküv
Telekommunikations-Überwachungsverordnung
*tlb
translation lookaside buffer
*tld
Tag Library Descriptor,JAVA
*tldp
The linux documentation project
*tlds
top level domains
*tlp
Thread Level Parallelism,Intel,Imgegensatz zu ILP.
*tls
Transport Layer Security (WAP)
Thread Local Storage,NPTL,RH
*tmm
transient mark mode,Emacs
*tms
Thesarus Management System,Oracle
*tng
The Next Generation,M-S
*tns
Transparent Network Substrate,Oracle
*toad
tool for oracle application developers,http://www.toadsoft.com
*tpc
Transaction Processing Council
*tpm
trusted platform module
*tqm
Total Quality Management
*tr.
transitiv
*trc
tone reproduction curve,HDI
*trg
Term::ReadLine::Gnu
*tron
The Real-time Operating System Nucleus,Konkurrenz zu Windows CE
*ts
Terminal Server,MS
Tablespace,Oracle
Translation Services,HDI
*tsb
translation storage buffer
*tsmc
Taiwan Semiconductor Manufacturing Company
*tsp
Tivoli Storage Protection
*tsx
Transmeta Security Extensions,TCPA
*ttc
Two-Task Common,Oracle Net Services
*ttr
Time To Recover,Oracle
Time To Repair,Oracle
*tts
Transportable Tablespaces,Oracle
*tty
talk to you,teletype
*tug
TeX user group
*tv
Tuvalu
*twimc
To Whom It May Concern
*u.
und,DUDEN
*u. ä.
und ähnliche
*u.a.
unter anderem,DUDEN
*ua
user application,HDI
*uab
user application bundles,HDI
*uac
User Account Control
*uart
Universal Asynchronous Receiver/Transmitter
*uawg
um Antwort wird gebeten
*uba
Umweltbundesamt
*ucb
University of California, Berkeley
*ucd
Unicode Character Database
*ucl
University College London
*ucla
university california los angeles
*ucm
Unified Change Management,ClearCase
*ucs
universial character set
*udag
user defined aggregat functions,Oracle
*udb
universal database,IBM
*udc
user defined characters,Oracle
utility data center,HP,OpenView
*uddi
Universal Description, Discovery and Integration
*udf
User Defined Function,Oracle
*udo
Ultra Density Optical
*udp
user datagram protocol
Usenet Death Penalty
*udp/ip
user datagram protocol / internet protocol,HDI
*udt
User Defined Type,Oracle
*uet
used extents,Oracle,uet$ table
*uga
User Global Area
*ugs.
umgangssprachlich,DUDEN
*uhf
Ultra High Frequency,RFID
*ui
user interface,HDI
*uid
User ID,Oracle
*uidl
Unique-ID Listing,pop3
*uis
user interface supervisor,HDI
*ul-toa
uplink time of arival
*ulv
ultra low voltage
*uma
Unlicensed Mobile Access
*umc
unit manufacturing cost,HDI
United Microelectronics Corp.,Taiwan
*umd
Univeral Media Disc
*umg
Universal Music Group
*uml
User Mode Linux
Unified Modeling Language
*ums
unified messaging system;e-mail, sms, etc.
*umts
universal mobile telecommunications. system,2 Mbit/s
*unc
universal naming convention
*unpers.
unpersönlich
*upi
User Program Interface
*ups
Uninterruptible Power System 
United Parcel Service 
*upx
Ultimate Packer for eXecutables,cygwin
*uri
universal resource identifiers
*url
uniform resource locators
*urn
uniform resource name
*us
microsecond (1000000th of a second)
*usb
universal serial bus,HDI
*usim
Universal Subscriber Identity Module,UMTS
*usn
Undo Segment Number,Oracle
*usps
United States Postal Service
*usv
Ununterbrechbare Strom-Versorgung,ups
*usw.
und so weiter
*ut
universal time
*utc
Universal Time Coordinated
*utf
UCS Transformation Format
Unicode Transformation Format
Universal Text Format
*utra
Universal Terrestrial Radio Access Network - UMTS
*uw
University of Washington
*uwb
Ultrawideband,480 MBit/s
*uwg
Gesetz gegen unlauteren Wettbewerb
*uxga
15" 1600x1200
*v.
von
*v.a.
vor allem,DUDEN
*vaj
visual age for java,IBM
*vam
Virtueller Arbeitsmarkt,Dezember 2003
*vapa
value added print application,HDI
*var
value added resellers (linux)
*vasa
value added software application,HDI
*vatm
Verband der Anbieter für Telekommunikation und Mehrwertdienste
*vax
Virtual Adress Extension Computers,DEC
*vcl
visual component library,Imprise
*vcs
version control system
*vde
Verband der Elektrotechnik
*vdr
video disk recorder,GNU/Linux
*vdx
Variable Data eXchange,HDI
*vesa
Video Electronics Standard Association
*vgh
Verwaltungsgerichtshof
*vgl.
vergleiche,DUDEN
*vhdl
vhsic hardware description language
very high level description language
*vhsic
very high speed integrated circuit
*vi
virtual interface
*via
virtual interface architecture
Virus Information Alliance,Microsoft
*vip
Virtual Internet Protocol,Oracle
*vipca
virtual internet protocol configuration assistant,Oracle
*vipp
Variable Data Intelligent PostScript PrintWare,Xerox
*vldb
Very Large Data Base
*vlm
very large memory
*vlr
Visitor Location Register
*vm
Virtual Memory,Linux
*vmd
Versatile Multilayer Disc
*vml
vector markup language (office 2000)
*vodsl
voice over dsl
*voip
Voice over IP
*vpd
Virtual Private Database,Oracle
*vpn
virtual private network
*vprt
verband privater rundfunk und telekommunikation
*vrrp
Virtual Router Redundancy Protocol
*vsam
Virtual Sequential Access Method
*vsi
Verband der deutschen Software-Industrie,Studie Rechtsfrage zu Open Source
*vsip
Visual Studio Integration Partner,MS
*vss
Volumne Shadow Copy Service,Oracle 11g,Windows
*vt
Vanderpool Technologie
*vxml
voice xml
*w-cdma
wideband code division multiple access
*w-lan
Wireless Local Area Network
*w3c
world wide web consortium
*wae
WAP Application Environment
*wan
wide are network,HDI
*wap
wireless applicateion protocol
*wapi
Wireless LAN Authentication and Privacy Infrastructure,chines. WEP,WPA
*war
web application archive,jax-rpc
*wasp
wireless application service provider
*wbem
Web-Based Enterprise Management
*wbs
Wireless Billing System
*wcdma
Wideband Code Division Multiple Access (umts is based) 2 Mbs, Japan
*wda
Wireless Digital Assistant
*wdg
Wörterbuch der deutschen Gegenwartssprache
*wdm
wavelength division multiplexing
*wdpv
Wireless Datagram Protocol
*wdyt
What do you think
*wear
Wireless Entertainment Asynchronous Remotely,
*webco
Web Central Order
*webdav
Web Distributed Authoring and Versioning,MS,IIS
*weca
Wireless Ethernet Compatibility Alliance
*wep
wired equivalent privacy
wireless encription protocol
*wfa
Workflow Architecture
*wfca
work flow control application,HDI
*wfm
workflow management
*wfmc
workflow management coalition
*wga
Windows Genuine Advantage
*who
World Health Organisation
*wi-fi
802.11b,Wireless Fidelity
*wibni
Wouldn't it be nice if
*wim
Wireless Identification Protocol
*wimax
Worldwide Interoperability for Microwave Access,802.16a
*winhec
Windows Hardware Engineering Conference
*wins
Windows Internet Naming Service,MS
*wip
work in progress,HDI
*wipo
World Intellectual Property Organization
*wisp
wireless internet service provider
*wiss.
wissenschaftlich,DUDEN
*wix
Windows Installer XML,MS
*wlan
wireless lan
*wll
Wireless Local Loop,Drahtlose Teilnehmeranschlußleitungen,IEEE 802.16a
*wm
Workspace Manager,Oracle
Workflow Manager,HD/Mustang
*wma
Windows Media 4
Wirless Messaging API
*wml
wireless markup language
*wmp
Windows Media Player
*wmv
Windows Media Video Format
*wnds
write no database state,Oracle
*wos
Wizard of Os
*wpa
Wireless Protected Access,Replacement for WEP
WI-FI protected Access
*wpan
Wireless Personal Area Network
*wsdl
Webservice Description Language
*wsdp
Web Service Developer Pack
*wsis
World Summit of Information Society
*wsj
Wallstreet Journal
*wss
Windows Sharepoint Server
*wtls
Wireless Transport Layer Security
*wus
Windows Update Service
*wuxga
1920x1200
*wvg
Windows Vector Graphics,SVG,MS
*wwn
World Wide Name,EMC²
*wxga
1280x720
*wxs
W3C XML schema
*xa
Exchange Access
*xae
XML authoring environment
*xbe
XBox executable
*xbrl
extensible business reporting language,XML based reporting language
*xd2
Ximian Desktop II
*xdi
XRI Data Exchange,OASIS
*xdk
XML Developer Kit,Oracle
*xdmcp
X Display Manager Control Protocol
*xga
14,1" 1024x768
*xll
extensible linking language
*xmi
xml metadata interchange
*xmp
Extensible Metadata Platform
*xri
Extensible Resource Identifier,OASIS
*xrml
Extensible Rights Markup Language,XrML
*xsdl
xml schema definition language
*xsl
extensible style language
*xslt
xsl transformations
*xsu
Xml Sql Utility,Oracle
*xtm
XML Topic Maps
*xul
XML user interface language,Mozilla
*ymmv
your milage may vary
*you
yast online update,SuSE
*z. B.
zum Besipiel
*zam
Zentralinstitut für Angewandte Mathematik,Forschungsinstitut in Jülich
*zav
Zentralstelle für Arbeitsvermittlung
*zdf
zahlen,daten,fakten
*zew
Zentrum für Europäische Wirtschaftsforschung,Mannheim
*zib
Konrad Zuse Zentrum für Informationstechnik
*zip
zone information protocol,HDI
*zlm
Zenworks Linux Management,Package-Manger from Novell
*zpü
Zentralstelle für private Überspielungsrechte
*zvs
Zentralstelle für die Vergabe von Studienplätzen
*ökon.
ökonomisch,Wirtschaft,Ökonomie,DUDEN
*öster.
Gebrauch in Österreich,DUDEN
*tcm
tchibo certified merchandise
*bcr
Business Card Recogition
*uav
Unmanned Aerial Vehicles
*ufo
Unindentified Flying Object
*aom
Application Object Manager,Siebel
*osb
Oracle Secure Backup
*tsm
Tivoli Storage Manager
*tmg
Telemediengesetz
*lpia
low-power intel architecture
*unr
Ubuntu Netbook Remix
*asi
Application Services Interface,Siebel
Application Security Infrastructures
*beq
bequeath protocol,oracle
*xpm
XP Modus,MS
*whql
Windows Hardware Quality Labs
*ecdh
Eliptic Curve Diffie-Hellman,Encryption*wes
*wes
Wireless Enterprise Symbosium,Hausmesse von RIM
*jpl
NASA's Jet Propulsion Laboratory
*ioho
In Our Humble Opinion
*ocb
Optically-Compensated-Bend,3D LCD-Technologie
*cuda
Compute Unified Device Architecture,CUDA
*bfr
Brominated Flame Retardant
*fpga
Field-Programmable Gate Array
*imao
In My Arrogant Opinion
*pcb
Printed Circuits Board
*sha
Secure Hash Algorithm,md5,sha-1,sha-2,sha-3
*cow
Copy On Write,BTRFS,ZFS
*np
nondeterministic polynomial
*tcq
Tagged Command Queuing
*ftth
fiber to the home
*vif
virtual network interface,ovm
*captcha
Completely Automated Public Turing test to tell Computers and Humans Apart
*dag
Directed Acyclic Graph
*hvga
480x320
*vlc
Visible Light Communication,LEDs
*esta
Electronic System for Travel Authorization
*bce
before the common era,see also BC and AD
*aws
Amazon Web Services
*wrt
with respect to
with regard to
*frand
fair, reasonable and non-discriminatory
*wqhd
2560x1440
*wqxga
2560x1600
*paas
Platform as a Service
*saas
Software as a Service
*iaas
Infrastructure as as Service
*mhtml
Mime Encapsulation of Aggregate HTML,.mht
*ovd
Oracle Virtual Directory
*oif
Oracle Identity Federation
*rcu
Repository Creation Utility
*cve
Common Vulnerabilities and Exposures
*alsr
Address Space Layout Randomization
*hspa
High Speed Paket Access
*lte
Long Term Evolution
*rsk
Reaktorsicherheitskommision
*apu
Accelerated Processing Unit
*lng
liquified natural gas
*uld
Unabhänges Landeszentrum für Datenschutz Schleswig-Holstein
*gsi
Gesellschaft für Schwerionenforschung
*cdn
Content Delivery Network,dns
*ato
Assemble to Order, SAP Benchmark
*dnt
do not track,Mozilla
*sop
Same Origin Policy,Mozilla
*kuss
Kurz und schlicht und super
*xmpp
Extensible Messaging and Presence Protocol
*raci
responsible, accountable, consulted, informed
*cdb
container database, Oracle
*npe
non-Practicing Entities
*wled
1440x900
*npe
Non Practicing Entities, Patenttrolle
*p+m
Parken und Mitnehmen
*ctl
coal to liquid
