*1.5
Java
*10g
Oracle 10g
*acronym
Acronym server
*ajax
Ajax Toolkits
*alert
Intresting alerts
*anti-virus
Free antivirus software
*apotheken
Internet Apotheken
*apple
Apple Hardware
*applescript
The applescript language
*applet-test
A Java page to test if java ist installed
*arch
see too cvs and subversion
*ascii
All about ascii
*auctex
All about auctex
*auskunft
Telefonauskunft
*award
Book and over awards
*backup
Backup software
*bash
All about the bash
*binary
binary data
*c
The C language
*c++
The C++ language
*cbo
Oracel Cost-Based-Optimizer
*celsius
see kelvin, fahrenheit
*characterset
Latin1
*chart
Chart software
*client
Oracle client
*cluster
Cluster systems, not only RAC
*cms
content management system
*computerclub
Wolfgang Backs
*cpu
Oracle Critical Patch Update
*curl
ftp, http, wget
*cvs
Concurrent Versioning system
*cygwin
The Cygwin system
*database
Database systems
*db2
IBMs DB2 system
*debian
Various debian live systems
*debugger
Debuggers for Java and other languages
*desktop
Virutal desktops systems
*devel
Emacs-Devel
*development
Development general
*dictionary
English-German
*doc
References to documentations
*download
Important downloads
mingw, cygwin
*drm
digital right management
*ebooks
Ebooks
*emacs
Emacs
*emacs-mode
muse
*entourage
Outlook to Entourage
*express
Oracle and other express software
*fahrenheit
celsius, kelvin
*film
Filmkritiken
*fink
OS X Unix Software
*firefox
Firefox Help and Tools
*fortran
Pascal vs. Fortran
*free
Gnu, Software, Freie Medien
*gesetze
Gesetzestexte
*gmail
How to configure gnus with gmail
*gnu
Gnu Links (arch, emacs)
*gnus
Links to configure Gnus
*google
Google Help
*gpl
GPLv3
*graphics
Graphic software
*heilbronn
Banking, Wetter
*hello
Greetings in other languages
*hfs+
OSX filesystem
*histogram
Oracle historgrams
*html
Links to the HTML language
*id3
ID3 tags
*imac
Hardware
*ingolstadt
IN Links
*insert
SQL insert
*intro
Intros to programming languages
*ipod
iPod Links
*isolation-level
SQL
*itunes
iTunes Links
*j2ee
Java Enterprise Edition
*jargon
esr
*java
Java tools
*javascript
The javascript language
*jdee
Emacs and Java
*kanu
Links zu Kanu-Bücher und -Touren
*kelvin
celisus, fahrenheit
*kino
Ingolstadt, Stuttgart
*knoppix
Linux Live CDs
*latex
The LaTeX Language
*latin
Charactersets
*license
License informations oracle
*linux
Links to Linux
*literature
ebooks
*macroman
Old Mac Characterset
*make
mingw make
*manching
wetter, abfall
*mathematics
Links to mathematic
*media
media players
*megabook
MSI Hardware
*microkernel
Discussion about microkernels
*mieten
Mietmarktplatz
*mingw
Links to mingw, see too make
*msi
Links zu MSI
*mysql
Links to MySQL
*navigation
Navigations-Software
*nebula
SI-FI
*netiquette
RFC
*nokia
9500, maemo, 770
*office
Links to Office Software
*opensuse
Links to OpenSuse
*oracle
Oracle Links
*osx
*outlook
*palm
*partitions
*pascal
*pavuk
*perl
*php
*ping
*player
*plsql
*politik
*ports
*postfix
*postscript
*preise
*preisentwicklung
*presentation
*profiler
*program
*proxy
*python
*qt
*rac
*recht
*reparatur
*ruby
*sardellen
*Scherben
*scm
*search
*security
*sig
*soa
*software
*spelling
*sql
*ssh
*startup
*stats
*Steine
*stuttgart
*subversion
cvs, arch, svn
*suse
*svn
*sysinternals
*taf
*tasklist
*tauschboerse
*teradata
*tipps
*tk
*Ton
*tool
*toplink
*tutorial
*ubuntu
*unix
*usb
*utf-8
*vmware
*voba
*volksbank
*w32
*wap
*wetter
*wget
*windows
*writely
*X11
*xcode
*xdmcp
*xe
*xen
*xml
*xterm
*yafc
*zlob
