*ActionListener
java.awt:
*BigDecimal
java.math:
*BigInteger
java.math:
*BitSet
java.util:
*BorderFactory
java.awt:
*BorderLayout
java.awt:
*BoxLayout
java.awt:
*ComponentListener
java.awt:
*Concept Layout
Seed too BorderLayout,BoxLayout,FlowLayout,GridBagLayout,GridLayout
http://java.sun.com/docs/books/tutorial/uiswing/overview/layout.html
*DateFormat
java.text:
*DecimalFormat
java.text:
*Dictionary
java.util:
*Enumeration
java.util: hasMoreElements,nextElement
*File
java.io:
*FileInputStream
java.io:
*FileOutputStream
java.io: PrintStream
*FlowLayout
java.awt:
*FocusListener
java.awt:
*GridBagLayout
java.awt:
*GridLayout
java.awt:
*JButton
javax.swing:
*JDialog
javax.swing:
*JFileChooser
javax.swing:
*JFrame
javax.swing:
*JList
javax.swing:
*JMenu
javax.swing:
*JMenuBar
javax.swing:
*JMenuItem
javax.swing:
*JOptionPane
javax.swing:
*JPanel
javax.swing:
*JPopupMenu
javax.swing:
*JScrollPane
javax.swing:
*JSplitPane
javax.swing:
*JTree
javax.swing:
*ListSelectionListener
java.awt:
*Matcher
java.util.regex:
*MouseMotionListener
java.awt:
*MousteListener
java.awt:
*NumberFormat
java.text:
*Pattern
java.util.regex:
*PrintStream
java.io: System.out
*Properties
java.util:
*Runtime
java.lang:
*String
java.lang:
*StringBuffer
java.lang:
*System
java.lang:
*TableColumn
javax.swing.table:
*WindowAdapter
java.awt.event:
*WindowListener
java.awt:
