*a
von
*a quo,a quocum
von wem,mit wem
*ab
von
*accidere,accidi
sich ereignen
*acerbus,acerba,acerbum
herb,bitter
*ad
auf ... zu,zu,bei,an
*admonere
ermahnen
*adulescens,adulescentis
junger Mann
*adversus,adversa,adversum
ungünstig,feindlich,vorn,von vorn
*aedificium
Gebäude
*aeger,aegra,aegrum
krank,traurig
*aetas,aetatis
Lebensalter,Zeitalter,Epoche
*alii
die einen,die anderen
*aliquando
irgendwann
*alius
ein anderer
*amare,amant,amo
lieben
*amicus
befreundet,Freund
*animus
Geist,Sinn,Mut,Gemüt
*ante,antea
vor
*antiquus
alt
*anus
alte Frau
*appropinquare
sich nähern
*arcere
fernhalten
*aspectus
Aussehen
*attentus
aufmerksam
*auris,aures
Ohr
*aut
oder
*beatus,beata,beatum
glücklich,begütert
*bibere,bibi
trinken
*bonus
gut
*bracchium,bracchi
Arm
*caementum
Zement
*calamitas,calamitatis
Schaden,Unglück,Niederlage
*calx
Kalk
*campus,campum
Feld,Ebene
*capitis,caput
Kopf,Haupt,Hauptsache,Hauptstadt
*carrus
Karre
*caseus
Käse
*castra
Lager
*casus
Fall,Zufall
*cena,cenae
Mahlzeit,Essen
*census
Zins
*certus,certa,certum
bestimmt,sicher,zuverlässig
*cibus,cibi
Speise,Nahrung
*circumdare
umgeben
*cista
Kiste
*claustrum
Kloster
*conspectu,conspectus
Anblick
*contentus
zufrieden
*contignere,contigi
zuteil werden,berühren,gelingen
*cor
Herz
*corpus,corporis,corpore
Körper,Leib,Leiche
*crines,crinium
Haare
*crinis
Haar
*crux
Kreuz
*cui
wem?
*cuius
wessen?
*cum
zusammen,mit
*cuprum
Kupfer
*de
vom,über
*dea
Göttin
*debere
müssen,schulden
*defungi,defungor,defungtus sum
verscheiden,sein Leben erledigen
*delere
zerstören,vernichten
*deletus
zerstört
*demens,dementis
wahnsinnig
*dens,dentis
Zahn
*deus,deum
Gott
*discus
Tisch
*diu
lange,lange Zeit
*domina
Herrin
*dominus
Herr,Herrscher
*domus
Dom
*dormire,dormivi
schlafen
*dubitara
zweifeln,zögern
*dulce,dulcis
süß,lieblich
*e,ex
aus
*edere,edi,esum
essen
*esse
sein,essentiell
*est
(er, sie, es) ist
*et
sowohl - als auch
*evenire,eveni,eventus
Ereignis,Ergebnis,Ausgang
*facies,faciei
Gesicht,Gestalt,Aussehen
*factum,facti
Ereignis
*factum,facti
Ereignis
*fames,famis
Hunger
*fatum
Schicksal
*fauces,faucium,faucibus
Rachen,Engpaß,Schlucht
*febris
Fieber
*felix,felicis
glücklich
*femina,feminae
Frau
*fessus,fessa,fessum
müde,erschöpft
*figura,figurae
Bild,Gestalt,Figur
*filius
Sohn
*finitimus
benachbart,Nachbar
*firmus,firma,firmum
stark,fest,standhaft
*flamma
Flamme
*foedus,foeda,foedum
häßlich,gräßlich,äußerlich abstoßend
*forma,formae
Form,Gestalt,Schönheit
*formosus,formosa,formosum
schön
*fortasse
vielleicht
*forte
zufällig
*fortuna,fortunae
Glück,Schicksal
*forum,foro
Markt,Marktplatz
*frons,frontis
Strin,Gesicht,Front
*frustra
vergebens,umsonst
*futurus,futura,futurum
zukünftig
*genus,generis
Geschlecht,Gattung,Art
*habere
haben,halten für
*habitare,habitat
wohnen,bewohnen
*habitus
Aussehen,Kleidung,Zustand
*iam
schon,bereits
*in
in,auf
gegen
*incola
Einwohner,Bewohner
*incolumnis,incolumne
gesund,wohlbehalten,unversehrt
*infirmus,infirma,infirmum
kraftlos,schwach
*inimicus
feindlich,Feind
*inopia,inopiae
Not
*insidiae
Hinterhalt,Falle,List
*insula
Insel
*integer,integra,integrum
gesund,wohlbehalten,unversehrt,integer
*interire,interii
umkommen,untergehen
*interitus
Untergang
*interrogare
fragen
*ira
Zorn
*ita
so
*iubere
auffordern,befehlen
*iucundus,iucunda,iucundum
erfreulich,angenehm
*iunior
jünger
*iuvare
unterstützen
*iuvenis
jüngerer Mann
*iuventus
Jugend
*jocus
Scherz
*laborare
arbeiten,sich mühen
*laetus
fröhlich
*laudare
loben
*libenter
gern
*lingua,linguae
Zunge,Sprache
*magis
mehr,lieber
*magnus
groß
*maior
größer
*malus
schlecht,übel
*manus,manu
Hand,Schar,Handvoll
*maritus
Ehemann
*matrona,matronae
Ehefrau,Frau
*membrum,membri
Glied
*mens
Verstand,Denkkraft,denkender Geist,Überlegung,Einsicht,Seele,Geist,Gedanke,
Vorstellung,Meinung,Ansicht,Vorsatz,Plan,Wille
*migrare
wandern
*milla
Meile
*miser,misera,miserum
unglücklich,elend,armselig,miserable
*miseria,miseriae
Elend,Unglück,Not
*missa
Messe
*molina
Mühle
*monstrare
zeigen,demonstrieren
*morbus,morbi
Krankheit
*mori,morior,mortuus sum
sterben
*mors,mortis
Tod
*mortalis,mortale
steblich
*mortuus,mortua,mortuum
tot,nach dem Tod
*mulier,mulieris
Frau
*multi
viele
*mulus
Maultier
*murus
Mauer
*nam
denn
*narrare
erzählen
*nasci,nascor
geboren werden
*natus sum
geboren werden
*navigare
fahren,segeln
*necessarius,necessara,necessarum
notwendig,nötig,verwandt,lebenswichtig
*nervus,nervi
Sehne,Muskel,Nerv
*nex,necis
gewaltsamer Tod
*non
nicht
*non iam
nicht mehr
*nudus,nuda,nudum
nackt
*obire,obii,obiturus
dahingehen,entgegengehen
*occasio,occasionis
Gelegenheit
*occidere,occidi
umkommen,untergehen
*occupare
besetzen
*oculus
Auge
*oleum
Öl
*oppidum
Stadt
*opportunus,opportuna,opportunum
günstig
*ora
Küste
*os,oris
Mund,Maul,Rachen,Schnabel,Schlund
*panis
Brot
*paratus
bereit,entschlossen,parat
*patria
Vaterland,Heimat
*pectus,pectoris
Brust,Gemüt
*per
durch,hindurch
*peririe,perii
umkommen,untergehen
*persicum
Pfirsich
*pes,pedis,pedibus
Fuß
*pestis
Seuche,Unheil
*piper
Pfeffer
*pirata
Pirat,Seeräuber
*planta
Pflanze
*populus
Volk
*potare
trinken
*prae
vor
*praedicare
predigen
*pro
für
*probus
tüchtig,rechtschaffen
*puella,puellae
Mädchen
*puer,pueri
Junge
*pulcher,pulchra,pulchrum
schön
*quem,quam,quod
wen
*quid
was
*quis
wer
*respondere
antworten
*robur,roboris
Stärke,Kraft,Kernholz
*robustus,robusta,robustum
stark,kräftig,robust
*rusticus
ländlich,Bauer
*saepe
oft
*salubris,salubre
heilsam
*salvus,salva,salvum
gesund,wohlbehalten,unversehrt
*sanguis,sanguinis,sanguine
Blut
*sanus,sana,sanum
gesund,vernünftig
*scribere
schreiben
*secundus,secunda,secundum
günstig,begünstigen,der folgende,der zweite,sekundär
*sed
aber,sondern
*senectus,senectutis
Alter
*senex,senis
alter Mann
*senior
älter
*servus
Sklave,Diener
*sine
ohne
*sitis
Durst
*socius
Kamerad
*solere
pflegen
*somnium
Traum
*somnus,somni
Schlaf
*sors,sortis
Los,Schicksal
*species,speciei
Anblick,Gestalt,Anschein
*spectare
sehen,betrachten
*speculum
Spiegel
*stata
Straße
*studere
sich widmen,steben nach
*studium
Eifer
*sub
unter,nahe an
*succedere,successi
gelingen,nachrücken
*sunt
sie sind
*tabula
Bild,Tafel,Karte
*tandem
schließlich,endlich
*tectum
Dach
*temere
blindlings,zufällig
*templum
Tempel
*tenebrae
Dunkelheit
*tergum,tergi,tergo
Rücken
*terra
Land,Erde,Territorium
*timere
sich fürchten
*turpis
häßlich,schändlich,moralisch verwerflich
*ubi
wo
*valde
sehr
*valere,valui
gesund sein,stark sein
*valetudo,valetudini,valetudinis,valetudinem
Befinden,Gesundheit
*validus,valida,validum
gesund,stark
*vallum
Wall
*venter,ventris,ventri
Bauch
*vertex,verticis,vertice
Scheitel,Spitze
*vestis
Kleidung
*vetus,veteris
alt
*victurus
leben
*victus
Lebensunterhalt,Lebensweise
*vicus
Dorf,Siedlung
*videre
sehen,schauen
*vigere,vigui
gesund sein,stark sein
*vinum,vini
Wein
*vir,viri
Mann
*vires,virium,viribus
Kräfte,Truppen
*virgo,virginis
Jungfrau
*vis,vim,vi
Kraft,Gewalt,Menge
*visitare
besuchen
*vita,vitae
Leben
*vivere
leben
*vivus,viva,vivum
lebendig
*vixi
leben
*vulgare
sich preisgeben,vulgär
*vulgatum
Dirne
*vultus,vultum
Miene,Gesichtsausdruck
*sum
ich bin
*es
du bist,sei!
*sumus
wir sind
*estis
ihr seid
*este
seid!
*monere
ermahnen
*animo habere
beabsichtigen
*meus,mea,meum
mein
*tuus,tua,tuum
dein
*suus,sua,suum
sein,ihr
*noster,nostra,nostrum
unser
*vester,vestra,vestrum
euer
*mihi,me
mir,mich
*tibi,te
dir,dich
*liber,libera,liberum
frei,der Freie
*liberi
die Kinder
*liber,liberi
Buch
*abstinere
sich enthalten
*docere,docebant
lehren
*magister,magistri
Lehrer
*heri
gestern
*itaque
und so,daher
*schola,scholae
Schule
*rogare
bitten,fragen
*captus
gefangen,befallen
*ornare,ornatus
schmücken,geschmückt
*maestitia
Traurigkeit
*semper
immer
*regnare
herrschen,beherrschen
*mora,morae
Verzug,Aufenthalt
*obtemperare
gehorchen
*castra habere
Krieg führen
*post
hinter,nach
*filia,filiae
Tochter
*matrimonium
Ehe
*dare
geben
*nominare
nennen
*natus
geboren
*aedificare
bauen
*novus,nova,novum
neu
*caelum
Himmel
*imperium
Befehl,Imperativ,Herrschaft,Reich
*fabula
Geschichte,Fabel
*volare
fliegen,eilen,flüchtig
*advolare
herbeieilen
*pater
Vater
*saeculum
Zeitalter,Jahundert
*iterum
wiederum,immer wieder
*ne
Fragewort
*num
etwa,doch wohl nicht
*nonne
denn nicht,doch wohl
*servare
bewahren,schützen,retten
*melius
besser
*se habere
sich befinden,sich verhalten
*quam
wie,als
*etiam
auch,sogar
*nunc
jetzt,nun
*nuntiare
melden,verkünden
*pius
fromm,gewissenhaft
*posterus
später,Nachkomme
*datus
gegeben
*duo
zwei
*parare
bereiten,sich anschicken
*insidias parare
nachstellen,einen Anschlag verüben
*necare
töten
*parvus
klein
*educare
erziehen
*pugnare
kämpfen
*oppugnare
angreifen
*expugnare
erobern
*velet
wie,wie zum Beispiel
*qui,quae,quod
welcher,welche,welches
*quorum,quarum
wessen pl.
*quo,qua,quo
wer abl.
*in vitro veritas
im Reagenzglas liegt die Wahrheit
*in vino veritas
im Wein liegt die Wahrheit
*shunt,shunted
beiseitelegen,rangieren,rangierte
*headrest
Kopfstütze
*lipid
Lipide,Fette sind eine Untergruppe von Lipide,,wasserunlösliche Naturstoffe
