*Alan Kay
PARC Wissenschafter, entwickelte erstes Windowing System und arbeitete
an Smalltalk. Arbeitet zukünftig bei HP.
*Alexander Graham Bell
Telefon-Erfinder
*Alexandre Julliard
WINE
*Allan Cox
Red Hat,Linux Kernel Developer
*Anders Hejlsberg
Turbo Pascal Autor,MS,C#
*Andrew Morton
Linux-Entwickler,ext3,OSDL
*Andrew Tridgell
Samba
*Bill Joy
VI author,SUN Microsystem
*Bob Kahn
-> Robert Kahn
*Brian Behlendorf
apache
*Bruce Chizen
Adobe Chef
*Bruce Perens
Früherer Debian Entwickler
*Carly Fiorina
HP Chefin
*Chester Carlson
Erfinder des Kopieres,27.10.1937
*Chris Gent
Vodafone Chef
*Colleen Kollar-Kotelly
Richterin im Microsoft Prozeß
*Craig Barrett
Intel Chef
*Craig Conway
Peoplesoft
*Craig Mundie
Microsoft's Chief Technical Officer
*David Reed
Internet Pionier,HP
*David Stutz
Star-Programmierer von MS,entwickelte CLI in .NET. Hat MS verlassen.
*Dirk Hohndel
Intel,SuSE,XFree 86
*Donna Dubinsky
Handspring,Jeff Hawkins
*Edward Felten
SMDI-Hack
*Eric Allman
sendmail
*Erich Gamma
Pattern
*Francis Crick
Entdeckten die DNA Struktur zusammen mit James Watson
*Francis Harry Compton Crick
Doppel-Helix
*Frank Batten
Holds the most Redhat stocks
*Georg Greve
FSF-Europe
*Gerd Tenzer
Technik-Chef bei der Telekom.
*Gordon Moore
Intel Mitbegründer
*Hans Magnus Enzensberger
Kursbücher
*Hector Ruiz
Neuer AMD-Chef
*Heiner Lauterbach
Schauspieler,Faust
*Heinz Gerhäuser
Leiter des MP3 Entwickler Teams,Professor
*Heinz Hönig
Schauspieler
*Herb Sutter
C++ evangelist,joined MS
*Herbert Maierhofer
Entwarf Illertaler Raststätte
*Ian Clarke
Freenet
*Ian Jackson
Debian Project Leader
*James Clark
Erste SGML und XML Parser,Relax NG,nXML-mode
*James Dewey Watson
Doppel-Helix
*James Watson
Entdeckten die DNA Struktur zusammen mit Francis Crick
*Jane Doe
Anonymous person
*Jean Paoli
MSXML Parser,MS
*Jeff Bezos
Amazon Chef
*Jeff Hawkins
Invented the Palm Pilot
*Joe Tucci
Chef von EMC
*John Carmack
ID software co-founder and lead programer of Doom.
Likes a lot Open-GL 2.0.
*John Chambers
Cisco hef
*John Doe
Anonymous person
*Jon Lech Johansen
DVD-Hack,Norwegen
*Kent Beck
Extreme Programming
*Kevin Mitnick
Cracker, der von 21. Januar 1995-2003 nicht mehr Online sein durfte
*Klaus Mainzer
Mathematiker,Physiker,Informatiker,Philosoph Universität Augsburg
*Kristen Nygard
Simula,OOP Pioneer
*Larry Roberts
Arpanet Projektleiter
*Luzia Braun
Aspekte Moderatorin
*Marilyn Patel
Richterin im Napster Prozeß
*Mark Ewing
Redhat co-founder
*Mathias Kalle Dalheimer
KDE developer
*Michael Colverson
Besitzer des Amadeus in Stuttgart. Ermöglicht SMS Bestellungen in der
Kneipe.
*Michael Frenzel
TUI-Chef
*Michael Kay
Aurtor des Buch XSLT
*Michael Robertson
Lindows,MP3.com
*Michel Bon
ehemaliger France Télécom
*Miguel de Icaza
Gnome developer
*Mike Splinter
Intels Vertriebschef
*Nicholas Carr
Veröffentlichte Artikel in Haward Business Review, in dem er die These
vertritt, daß zukünftige Technikzentrierung nur für gut positionierte
Firmen einen Mehrwert habe.
*Nigel Pendse
OLAP-Experte
*Nolan K. Bushnell
Atari-Gründer
*Pat Gelsinger
Intel Entwicklungschef
*Paul Allen
MS Co-Founder
*Paul Ginsparg
Erster Server für wissenschaftliche Publikationen (xxx.lang.gov)
Los Alamos: http://arxiv.org
*Paul Vixie
BIND(DNS)-Author
*Phillip W. Katz
pkzip author,starb am 14. April 2000 mit 37 Jahren
*Phillip Zimmermann
Author of PGP
*Ransom Love
Caldera
*Ray Ozzie
Lotus Notes,Groove-Network
*Richard Branson
Virgin-Founder
*Rob Glaser
Chef von Real Networks
*Robert Kahn
TCP/IP Entwickler
*Robert M. Metcalfe
Am 22. Mai 1973 erwähnte Metcalfe erstmals Ethernet
*Robert Malda
slashdot.org,CmdrTaco
*Roland Dyroff
SuSE Chef
*Ross Perot
gründete EDS
*Rudolph Guiliani
former major of New York
*Sam Mendes
Regie: American Beauty
*Sean Fanning
Napster is his nickname
*Sergey Brin
Google Mitgründer
*Shuji Nakamura
Erfand blauen Laser,DVD
*Sigram Schindler
Chef der Teles AG
*Thierry Breton
France Telecom Chef,ehemals Thomson Multimedia
*Tim Berners-Lee
http protocol
*Tim Burton
Regiseur
Film: Sleepy Holly
Film: Ed Wood
Film: Batman
*Vint Cerf
TCP/IP Entwickler zusammen mit Robert Kahn
Chef von ICANN
*Wiliam Gibson
Author of Neuromancer
*William Hewlett
HP Founder
*Jack St. Clair Kilby
Erfinder des IC
*Robert Noyce
Erfand zur gleichen Zeit als Kilby den IC. Wechselte später zu Intel.
*Marc Andreessen
Mosaic,Netscape
*Peter Schaar
Bundesdatenschutz Beauftragter,2003-2008
*Herman Hollerith
Founded IBM.
*Ingvar Kamprad
IKEA-Gründer
*Craig Silverstein
No. 1 Developer by Google
*Larry Page
Mitbegründer von Google
*Karlheinz Brandenburg
MP3-Erfinder
*Whitfield Diffie
Entwarf die Idee des Public Key.
*Alan Mathison Turing
Starb 1954 42jährig durch Suizid. Offensichtlich wegen seiner
Homosexualität.
*John Backus
Fortran Projektleiter
*Douglas C. Engelbart
Erfinder der Computer-Maus
*Dave Hyatt
Browser-Developer,Netscape,Apple
*Steve Bourne
Bourne Shell
*Ken Thompson
The original shell,Thompson Shell
*Stephen Crocker
first RFC,1969
*Jon Postel
RFC-Editor
