*adr
addr
*add
add_type
*atm
add_type_module
*acl
alc_comp_loc
*ahd
alc_head
*act
alc_head_temp
*alc
alloc_chrg
*acg
alloc_chrg_temp
*ald
alloc_detail
*adp
alloc_detail_published
*adt
alloc_detail_temp
*alh
alloc_header
*aht
alloc_header_temp
*amq
alloc_mfqueue
*api
alloc_pub_info
*arv
alloc_rev
*aap
api_alloc_info_temp
*asp
api_iscl_temp
*ail
api_item_loc_temp
*aet
api_item_temp
*alp
api_loc_temp
*aop
api_orig_retail_temp
*app_1
api_pc_temp
*app
api_price_change_temp
*apt
api_price_hist_temp
*avt
api_vat_temp
*apd
appt_detail
*aph
appt_head
*are
area
*ait
ari_interface_test
*auf
audit_fld
*aut
audit_tbl
*ban
banner
*bmq
banner_mfqueue
*ber
batch_error
*buy
buyer
*bwm
buyer_wksht_manual
*cal
calendar
*car
carton
*cec
ce_charges
*cef
ce_forms
*ceh
ce_head
*clv
ce_lic_visa
*coi
ce_ord_item
*cep
ce_protest
*ces
ce_shipment
*ctp
ce_temp
*cha
chain
*chn
channels
*cig
city_geocodes
*cla
class
*csf
class_sales_forecast
*chs
class_sales_hist
*csm
class_sales_hist_mth
*cmq
codes_mfqueue
*cdd
code_detail
*cdt
code_detail_trans
*cdh
code_head
*scc
company_closed
*scx
company_closed_excep
*cmp
competitor
*com
comphead
*cit
comp_item_elc_temp
*cme
comp_list_temp
