*ant
Another neat tool,jave make tool
*Brahms
Audio recording for KDE
*ColdFusion
MacroMedia/Flash 5,Server für Flash Anwendungen
*divx
video software mit mpeg 4
*eclipse
General IDE sponsored by IBM
*gcj,Redhat
gcc java java compiler
*glade
Interface Builder for GNOME
*glame
Audio recording for Gnome
*GNU Bayonne
Software to develop and deploy telephony solutions
*GNU Lightning
Library that generates assembly language code.
*Grokster
Music-Sharing program,Kazaa
*Insight
gdb graphical frontend see http://sources.redhat.com
*java cup
yacc for java
*jax-rpc
soap for java
*Maja
3-D Software, die für Filme eingesetzt wird.
*Morpheus
Music-Sharing program,Kazaa
*OpenCores
PCI-Bridge,2002-02-25
*PolEdit
Microsofts Systemrichtlinien Editor
*pose
Palm OS Emulator
*rhino
Javascript,Netscape
*rhug
java source packags that works fine with gcj,Redhat
*sfc
system file check,Windows 98
*subversion
cvs successor
*tomcat
Java Servlet Enginge from Apache
*xalan
java xslt processor
*xerces
xml processor
*ksymoops
Kerner oops and error message decoder.
http://www.gnu.org/directory/devel/debug/ksymoops.html
*solid
Database from Finland
