*(a mí) me gusta
mir gefällt
*España
Spanien
*Este(m)
Osten
*Norte(m)
Norden
*Oeste(m)
Westen
*Sur(m)
Süden
*a ella
ihr/sie
*a favor
dafür,zugunsten
*a mí
mir/mich
*a sí
sich
*a ti
dir/dich
*a usted
Ihnen/Sie
*a él
ihm/ihn
*abrir
öffnen,eröffnen
*acostarse
sich hinlegen,ins Bett gehen
*además de
außer
*admirar
bewundern
*admirar mucho
sehr bewundern
*ahora
jetzt
*al fondo
im Hintergrund
*algo
etwas
*algo autobiográfico
etwas Autobiografisches
*algodón(m)
Baumwolle
*antiguo,antigua
alt
*aparato(m)
Gerät(Hörgerät)
*apartamento(m)
Appartement
*apasionante
aufregend
*apunte(m)
Aufzeichnung
*así
so
*atrás
zurück
*automáticamente
automatisch
*ayer
gestern
*ayudar a
helfen zu
*azucár(m)
Zucker
*barato,barata
billig
*bastar
genug sein
*beber
trinken
*bello
schön
*bien
gut
*bloque(m)
Block
*bolígrafo(m)
Kugelschreiber
*bosque(m)
Wald
*cacao(m)
Kakao
*café(m)
Kaffee
*callar
schweigen
*carretera(w)
Landstrasse
*casi
fast,beinahe
*castellano (m)
kastilisch	
*catalán (m),catalana
katalanisch
*cerca de
nahe bei
*cerilla(w)
Streicholz
*cero
Null
*chica(w),chico(m)
Mädchen,Junge
*ciencia(w) ficcíon
Sciencefiction
*ciudad(w)
Stadt
*claro
natürlich
*comer
essen
*como por ejemplo
wie zum Beispiel
*con
mit
*considerar
betrachten als,halten für
*conmigo,contigo,consigo
mit mir,mit dir,mit sich
*conocimiento(m)
Kenntis
*constar de
bestehen aus
*contento,contenta
zufrieden
*creer en
glauben an
*cuando
wenn
*cómo
wie
*dar un paseo
einen Spaziergang machen
*dar,doy,das,da,damos,dais,dan
geben
*de momento
zur Zeit
*de vacaciones		
in Ferien
*demasiado
zu sehr,zu
*depender de
abhängen von
*depués
danach,dann
*descansar
ausruhen
*descanso(m)
Ausruhe
*desconocido,desconocida
unbekannt 
*desde
von (einem Punkt aus)
*después de Christo
nach Christus
*diferente
unterschiedlich,anders
*director(m) de cine
Filmregisseur
*disfraz(m),disfraces(pl)
Verkleidung
*edificar
bauen
*ejemplo(m)
das Beispiel
*el año que viene
nächstes Jahr
*emperador(m)
Kaiser
*en casa
zuhause, in unserer Familie
*en contra
dagegen
*en el mundo
in der ganzen Welt
*en eso
darin
*en realidad
eigentlich
*encantar
gefallen
*entender,entiendo,entiendas,entienda,entendemos,entendeís,entendan
verstehen
*entrar
eintreten
*entrar en
eintreten,hineingehen
*entusiasmo(m)
Begeisterung
*escritor(m)
Schriftsteller
*eso
das
*español,española
spanisch
*estudiar
studieren
*exacto,exacta
genau
*existir
existieren
*experiencia(w)
Erfahrung,Erlebnis
*explicar
erklären
*famoso,famosa
berühmt
*fondo(m)
Hintergrund,Grund
*formar parte de
einen Teil bilden von
*frío(m),frío,fría
Kälte,kalt
*fuera
außen,draußen
*gallego(m),gallega
galizisch
*gente(w)
Leute
*germanico,germanica
germanisch
*guarda(m)
Aufseher,Wächter
*guerra(w)
Krieg
*gustar
gefallen
*hacer
machen,tun
*hasta
bis
*hora(w)
Zeit,Stunde
*hotel(m),hoteles
Hotel
*hoy
heute
*húmedo,húmeda
feucht
*interesar
interessieren
*invierno(m)
Winter
*invierno(m)
Winter
*ir,voy,as,va,amos,váis,van
gehen
*la
sie(Akk)
*las cerillas más baratas
die billigsten Streichhölzer
*le
ihm,ihr,Ihnen
*leer
lesen
*lengua
Zunge,Sprache
*lengua latina(w)
romanische Sprache
*levantarse
aufstehen
*libro(m)
Buch
*llegar a
ankommen
*lluvia(w)
Regen
*lo
ihn,sie,Sie
*los dos,los dos somos
die beiden,wir sind beide
*manía(w)
Tick,Manie
*maíz(m)
Mais
*mañana
morgen
*me
mir,mich
*me horroriza
mich erschreckt
*mes(m)
Monat
*mes(m) de agosto
Monat August
*millón,millones
Million,Millionen
*mirar
schauen,anschauen
*mismo,misma
derselbe,dieselbe
*mucho(s),-a(s)
viel
*mucho,poco
viel,wenig
*multitud(w)
Menge,Masse
*mundo(m)
Welt
*máquina(w) de escribir
Schreibmaschine
*más
mehr
*música(m)
Musik
*nadie
niemand
*necesidad(w)
Notwendigkeit,Bedürfnis
*necesitar
brauchen
*niebla(w)
Nebel
*no resulta demasiado difícil
es ist nicht zu schwierig
*nunca
niemals
*o
oder
*obrero(m),obrera(w)
Arbeiter,Arbeiterin
*orden(m)
Ordnung
*origen(m)
Herkunft,Ursprung
*otoño(m)
Herbst
*otoño(m)
Herbst
*otra gente
andere Leute
*otro(m),otra(w)
ein anderer
*oír
hören
*oír,oigo,oyes,oye,oímos,oís,oyen
hören
*palabra(w)
Wort
*pale(m)
Papier
*paraíso(m)
Paradies
*pasar
verbringen,vorbeigehen
*paseo(m)
Spaziergang
*país(m)
Land
*película(w)
Film
*pensar en
denken an
*pequeño,pequeña
klein
*pero
aber
*persona(w)
Person
*personalmente
persönlich
*playa(w)
Strand
*pner
setzen,stellen,legen
*política(w)
Politik
*poner en orden
in Ordnung bringen
*por ejemplo
zum Beispiel
*por fin
endlich
*por la tarde
am Nachmittag
*por tanto
deshalb
*porque
weil
*presente(m)
Gegenwart
*primavera(w)
Frühling
*primavera(w)
Frühling
*pronto
bald,früh
*pronunciar
aussprechen
*proyecto(m)
Projekt
*publicar
veröffentlichen
*pueblo(m)
Ort
*puntualidad(w)
Pünktlichkeit
*que más quierre?
was wollen Sie mehr?
*quedarse
bleiben,übrigbleiben,dableiben
*querer
mögen,wollen,lieben
*resultar de
sich ergeben
*reuníon(w)
Versammlung,Treffen
*romano,romana
römisch
*ropa(w)
Kleidung,Wäsche
*ruido(m)
Lärm,Geräusch
*ruina(w)
Ruine
*rute(w)
Route
*salir,salgo,sles,sale,salimos,salís,salen
aus,hinausgehen
*salud(w)
Gesundheit
*se
sich
*se vive
man lebt,man erlebt
*seco
trocken
*seis
sechs
*ser,soy,eres,es,somos,sois,son
sein
*si
wenn,falls
*siempre
immer
*sin
ohne
*sitio(m)
Ort
*sobre todo
vor allem
*sol(m)
Sonne
*subir
steigen,aufwärtsgehen
*suspiro(m)
Seufzer
*sí
ja
*sólo
nur
*tambíen
auch
*tantos,tantas
so viele
*tarde
spät
*te
dir,dich
*teléfono(m)
Telefon
*temprano
früh,frühzeitig
*tener ganas de
Lust haben zu
*tener que
müssen
*tener,tengo,tienes,tiene,tenemos,teneís,tenen
haben
*terreno(m)
Grundstück
*tiempo(m)
Zeit,Wetter
*tienda(w)
Geschäft
*todavía
noch
*todos,todas
alle
*tomar el sol
sonnen
*tomate(m)
Tomate
*trabajar
arbeiten
*nada
nichts
*tranquilidad(w)
Ruhe
*trescientos,trescientas
300
*turista(m,w)
Tourist
*una vez más
einmal mehr,noch einmal
*usted,ustedes
Sie
*vacaciones(w)
Ferien
*vender
verkaufen
*venier
kommen
*veranear
Sommerferien verbringen
*verano(m)
Sommer
*verano(m)
Sommer
*vestido(m),vestida(w)como
angezogen als/wie
*vez(w)
Mal
*vida(w)
Leben
*visitar
besuchen
*vivir
leben
*vocabulario(m)
Wortschatz,Wörterverzeichnis,Vokabular
*y
und
*ya
schon
*árabe
arabisch
*él(dat)
ihm/ihn
*época(w)
Epoche,Zeit
*último,última
letzte
*máquina de escribir(w)
Schreibmaschine
*poner,pongo,pones,pone,ponemos,ponéis,ponen
stellen,legen,setzen
*papel(m)
Papier
*el año que viene
nächstes Jahr
*cosa(w)
Sache,Ding
*me gusta
mir gefällt
*Sur(m)
Süden
*por eso
deshalb
*más bello
schöner
*el mismo,la misma
derselbe,dieselbe
*llegar tarde
zu spät kommen
*demasiado pronto
zu früh
*las cerillas más baratas
die billigsten Streichhölzer
*disco(m)
Schallplatte
*consumo(m)
Konsum
*nos,os
uns,euch
*comprar
kaufen,einkaufen
*fanático,fanática
fanatisch
*electrodomésticos(m)
Elektrogeräte
*lavadora(w)
Waschmaschine
*lavaplatos(m)
Geschirrspüler
*cocina(w)
Herd,Küche
*(aparato) micro-ondas(m)
Mikrowelle
*nevera(w)
Kühlschrank
*congelador(m)
Tiefkühlschrank,Gefriertruhe
*desde luego
selbstverständlich
*televisor(m)
Fernseher
*vídeo(m)
Video
*radio(w)
Radio
*estar,estoy,estás,está,estamos,estáis,están
sein, da esin,stehen
*ahí
da,dort
*felicidad(w)
Glück,Glücksgefühl
*malo,mala
schlecht,böse,schlimm
*lo malo es que
schlimm ist (nur), dass
*gracias a Dios
Gott sei Dank
*a los aparatos
den Apparaten
*a veces
manchmal
*pasar
vorübergehen
*les pasa algo
es ist etwas los mit ihnen
*estar preparado,estar preparada
vorbereitet sein
*para
für
*caso(m)
Fall
*así
so
*para casos así
für solche Fälle
*direccíon(w)
Adresse
*varios,varias
verschiedene,mehrere
*técnico(m)
Techniker
*electricista(m)
Elektriker
*llamar (por teléfono)
anrufen,rufen
*estar harto de
etas satt haben
*preguntar
fragen
*que tál?
wie geht's?
*que tál esta usted?
wie geht es Ihnen?
*conocer
kennen
*dónde esta?
wo ist?
*cuestión(w)
Frage,Angelegenheit
*el aparato en cuestión
der Apparat, um den es geht...
*suerte(w)
Glück
*diagnosticar
die Diagnose stellen
*estar fatal
in sehr schlechtem Zustand sein
*las canas
graue Haare
*tener canas
alt sein
*la verdad
tatsächlich,Wahrheit
*pieza (w) de recambio
Erstatzteil
*que es donde está la fábrica
denn dort ist die Fabrik
*a lo mejor
vielleicht
*amable
liebenswürdig,freundlich
*!que tontería!
was für eine Dummheit!
*gastar dinero en
Geld ausgeben für
*arreglar
reparieren
*viejo,vieja
alt
*nuevo,nueva
neu
*las gracias,muchas gracias
Danke, vielen Dank
*dar las gracias
danken
*medio,media
halb
*media hora
eine halbe Stunde
*otro,otra
ein anderer,noch einer
*otra vez
wieder,noch einmal
*viuda(w)
Witwe
*rebaja(w)
Preisnachlass
*nos hacen rebaja
sie geben es uns billiger
*fin(m)
Ende,Ziel,Zweck
*es que
(es ist) nämlich (so, dass...)
*en el fondo
im Grunde genommen
*actitud(w)
Einstellung,Haltung
*ante
gegenüber,angesichts,vor
*fiestas navideñas(w)
Weihnachtsfeiertage
*sentir,siento,sientes,siente,sentimos,sentís,sienten
fühlen,empfinden
*hacer sentir
fühlen lassen
*Navidad(w),Navidades
Weihnachten
*porcentaje(m)
Prozentsatz
*acercamiento(m)
Annäherung
*sentimiento(m)
Gefühl
*generosidad(w)
Großzügigkeit
*alegría(w)
Freude
*tristeza(w)
Traurigkeit
*triste,a
traurig
*melancolía(w)
Melancholie
*agobio(m)
Erschöpfung
*nada en especial
nichts besonderes
*posible
möglich
*respuesta multíple(w)
Mehrfachantwort
*acostumbrar
gewöhnt sein
*alguno,a
irgendeiner
*sigiuente
folgend
*responder
antworten
*afirmativo,a,afirmativamente(adverb)
zustimmend
*regalo(m)
Geschenk
*niño(m)
Kind
*día(m) de reyes
Dreikönigstag
*árbol(m)de Navidad 
Weihnachtsbaum
*entre mayores
unter Erwachsenen
*belén(m)
Krippe (Bethlehem)
*nacimiento(m)
Geburt
*cabalgata(w)
Reiterzug
*dontivo(m)
Schenkung,Geschenk
*persona (w)necesitada
Bedürftiger
*cantar
singen
*villancico(m)
Weihnachtslied
*los/las parientes
Verwandte
*amigo,a
Freund,in
*los amigos
Freunde
*Nochebuena
Heiligabend
*la misa del Gallo
Mitternachtsmesse
*la encuesta
Umfrage
*EL PAÍS
Tageszeitung in Spanien
*ocasíon(w)
Gelegenheit
*conocer,conozco,conoces,conosce,conocemos,conocéis,conocen
kennen,kennen lernen
*costumbre(w)
Gewohnheit,Brauch,Sitte
*lo que hacen
(das)was sie tun
*esperar
warten,erwarten,hoffen,erhoffen
*poder,puedo, puedes,puede,podemos,podéis,poden
können
*observar
beobachten
*ofrecer,ofrezco, pfreces, pfrece, ofrecemos,ofrecéis, ofrecen
anbieten, bieten, geben
*parecer,parezco,pareces,parece,parecemos,parecéis,parecen
erscheinen, scheinen
*les parece importante
sie finden es wichtig
*cada+substantiv
jeder
*cada vez menos
jedamal weniger
*quizás
vielleicht
*de año en año
von Jahr zu Jahr
*todo
alles
*costar,cuesta
kosten
*(mucho)más
(viel)mehr
*detalle(m)
Detail,Einzelheit
*número(m)
Zahl
*creciente
wachsend
*el 24 de diciembre
am 24. Dezember
*ó(zwischen Zahlen)
oder
*en vez de
anstatt
*enero,febrero,marzo,abril,mayo,junio,julio,agosto,septiembre,octubre,noviembre,deciembre
Januar,Februar,März,April,Mai,Juni,Juli,August,September,Oktober,November,Dezember
*carta(w)
Brief
*querido,a
lieber
*visitar
besuchen
*todo el día
den ganzen tag
*lover,llueve
regnen
*haber(+partizip)
etwas getan haben
*chapotear
plätschern
*cristal(m)
Glas,Fensterscheibe
*población(w)
Bevölkerung,Stadt,Ort
*estar animado,a
belebt sein
*universidad(w)
Universität
*su
seine,ihre
*puerta(w)
Türe,Tor
*recibir
bekommen,erhalten
*pasarlo bien/mal
eine gute/schlechte Zeit haben
*cantidad(w)
Menge,Quantität
*para soportar
um zu ertragen
*conflicto(m)
Konflikt
*últimamente
in letzter Zeit
*actividad(w)
Tätigkeit,Aktivität
*poético,a
poetisch,Dichter-
*de fábrica
(hier)wie ein Arbeiter
*luego
dann,danach
*lanzarse a
sich hineinstürzen
*la bacanal de carne
Bacchanal der Besinnlichkeit
*carne(w)
Fleisch
*risa(w)
Lachen
*Andalucía
Andalusien
*increíble
unglaublich
*el Oriente
der Osten,östliche Welt
*veneno(m)
Gift
*el Occidente
der Westen,westliche Welt
*acción(w)
Handlung,Aktion
*todos los diás
alle tage,jeden Tag
*llevarse una sopresa(w)
eine Überraschung erleben
*a pesar de
trotz
*estar bien,estar ml
sich wohl/schlecht fühlen
*ni
und nicht
*ser feliz
glücklich sein
*hace un día gris
es ist ein grauer Tag,graues Wetter
*donde
(da) wo
*ver,veo,ves,ve,vemos,veis,ven
sehen
*sierra (w)
Gebirge
*adiós
auf Wiedersehen
*abrazo(m)
Umarmung,Gruß
*cariñoso,a
liebevoll,zärtlich
*hace sol
die Sonne scheint
*hace calor
es ist warm
*hace frío
es ist kalt
*llueve
es regnet
*nieva
es schneit
*flechazo(m)
Pfeilschuss,Liebe auf den ersten Blick
*de pronto
plötzlich
*saber,sé,sabes,sabe,sabemos,sabéis,saben
wissen
*por qué?
warum
*misterisamente
auf geheimnisvolle Weise
*volver,vuelvo,vuelves,vuelve,volemos,voléis,vuelven
wenden,umdrehen
*vuelto
gewendet,umgedreht
*cabeza(w)
Kopf
*visto
gesehen
*a doña Inés
Doña Agnes (wen)
*mirada(w)
blick
*poeta(m)
Dichter
*quedar clavado
wie angenagelt sein
*ojo(m)
Auge
*dama(w)
Dame
*posarse
sich niederlassen
*aire(m)
Luft
*transparente
durchsichtig
*pájaro(m)
Vogel
*flor(w)
Blume
*color(m)
Farbe
*vico,a
lebendig,kräftig(hier)
*montaña(w),sierra(w)
Gebirge
*azul
blau
*agua(w)
Wasser
*cristalino,a
kristallklar
*cielo(m)
Himmel
*brillante
strahlend
*fuerte
stark
*espléndido,a
prächtig,herrlich
*primero,a
erster
*el primer día
der erste Tag
*creación(w)
Schöpfung
*nacer
geboren werden
*hombre(m)
Mann,Mensch
*apartarse
sich trennen,sioch abwenden
*no...ni
nicht...und nicht...
*flecha(w)
Pfeil
*visible,invisible
sichtbar,unsichtbar
*volar,vuelo,vuelas,vuela,volemos,voléis,vuelen
fliegen
*corazón(m)
Herz

