*asperger syndrome
Leichter Autismus,Nerd-Syndrom,Geek-Syndrom
*banias
Neuer Stromspar Prozessor von Intel
*camel
The mail api in evolution.
*clawhammer
64 Bit Processor from AMD
*corona
Neues Video-Format von MS
*e-cruiting
Elektronisches Bewerben
*hemlock
Emacs like editor in CMUCL lisp
*interix
UNIX Umgebung für MS Windows von MS. Wurde 1999 aufgekauft.
*ipex
Print Trade Show
*Itanium
Erser Inter 64 Bit CPU
*Kazaa
Music Sharing Protocol
*Mc Kinley
Itanium Nachfolger
*mono
Spanish word for monkey
*ontology
Lehre vom Sein
*opteron
AMDs Sledge-Hammer (64bit)
*Palladion
Schutzschild in Troja
*smurf
Spezielle DoS Attacke
*soup
A library to create GNOME applications that have a SOAP interface or
works as SOAP server.
*Sputnik
Weggefährte
*Xeon 
Inter CPU die dem Pentium 4 ähnelt aber auf Dual Betrieb optimiert
wurde.
*xplor
Print Trade Show
*zaurus
Sharp Linux PDA
*zmacs
Zmacs editor on the MIT Lisp Machine
*bayanihan
Linux der philipinischen Univeristät
*valgrind
GNU/Linux malloc Debugger
*farsi
Persian language
*Strontiumtitanat
Neues Isoliermaterial anstatt Siliziumoxid
*xandros
formerly Corel Linux,DEBIAN based
*mcp
Multi-Chip Package,Toshiba
*spf
Sender Permitted From,Mail-Protocol similar to smtp
*brain drain
Elite Abwanderung
*phishing
Password Fishing
*tsunami
Wellen hervorgerufen durch Meeres-Erdbeben
*warnock
Usenet - Klagen über nicht mangelnde Response.
http://en.wikipedia.org/wiki/Warnock%27s_Dilemma
*light field
vector photo aufnahme
*Asperger Syndroms
leichtere Form des Autismus
